Archive member included to satisfy reference by file (symbol)

/home/thugmek/Software/stm32cubeide_1.16.1/plugins/com.st.stm32cube.ide.mcu.externaltools.gnu-tools-for-stm32.12.3.rel1.linux64_1.0.200.202406132123/tools/bin/../lib/gcc/arm-none-eabi/12.3.1/../../../../arm-none-eabi/lib/thumb/v8-m.main+fp/hard/libc_nano.a(libc_a-exit.o)
                              /home/thugmek/Software/stm32cubeide_1.16.1/plugins/com.st.stm32cube.ide.mcu.externaltools.gnu-tools-for-stm32.12.3.rel1.linux64_1.0.200.202406132123/tools/bin/../lib/gcc/arm-none-eabi/12.3.1/../../../../arm-none-eabi/lib/thumb/v8-m.main+fp/hard/crt0.o (exit)
/home/thugmek/Software/stm32cubeide_1.16.1/plugins/com.st.stm32cube.ide.mcu.externaltools.gnu-tools-for-stm32.12.3.rel1.linux64_1.0.200.202406132123/tools/bin/../lib/gcc/arm-none-eabi/12.3.1/../../../../arm-none-eabi/lib/thumb/v8-m.main+fp/hard/libc_nano.a(libc_a-findfp.o)
                              /home/thugmek/Software/stm32cubeide_1.16.1/plugins/com.st.stm32cube.ide.mcu.externaltools.gnu-tools-for-stm32.12.3.rel1.linux64_1.0.200.202406132123/tools/bin/../lib/gcc/arm-none-eabi/12.3.1/../../../../arm-none-eabi/lib/thumb/v8-m.main+fp/hard/libc_nano.a(libc_a-exit.o) (__stdio_exit_handler)
/home/thugmek/Software/stm32cubeide_1.16.1/plugins/com.st.stm32cube.ide.mcu.externaltools.gnu-tools-for-stm32.12.3.rel1.linux64_1.0.200.202406132123/tools/bin/../lib/gcc/arm-none-eabi/12.3.1/../../../../arm-none-eabi/lib/thumb/v8-m.main+fp/hard/libc_nano.a(libc_a-fwalk.o)
                              /home/thugmek/Software/stm32cubeide_1.16.1/plugins/com.st.stm32cube.ide.mcu.externaltools.gnu-tools-for-stm32.12.3.rel1.linux64_1.0.200.202406132123/tools/bin/../lib/gcc/arm-none-eabi/12.3.1/../../../../arm-none-eabi/lib/thumb/v8-m.main+fp/hard/libc_nano.a(libc_a-findfp.o) (_fwalk_sglue)
/home/thugmek/Software/stm32cubeide_1.16.1/plugins/com.st.stm32cube.ide.mcu.externaltools.gnu-tools-for-stm32.12.3.rel1.linux64_1.0.200.202406132123/tools/bin/../lib/gcc/arm-none-eabi/12.3.1/../../../../arm-none-eabi/lib/thumb/v8-m.main+fp/hard/libc_nano.a(libc_a-stdio.o)
                              /home/thugmek/Software/stm32cubeide_1.16.1/plugins/com.st.stm32cube.ide.mcu.externaltools.gnu-tools-for-stm32.12.3.rel1.linux64_1.0.200.202406132123/tools/bin/../lib/gcc/arm-none-eabi/12.3.1/../../../../arm-none-eabi/lib/thumb/v8-m.main+fp/hard/libc_nano.a(libc_a-findfp.o) (__sread)
/home/thugmek/Software/stm32cubeide_1.16.1/plugins/com.st.stm32cube.ide.mcu.externaltools.gnu-tools-for-stm32.12.3.rel1.linux64_1.0.200.202406132123/tools/bin/../lib/gcc/arm-none-eabi/12.3.1/../../../../arm-none-eabi/lib/thumb/v8-m.main+fp/hard/libc_nano.a(libc_a-memset.o)
                              /home/thugmek/Software/stm32cubeide_1.16.1/plugins/com.st.stm32cube.ide.mcu.externaltools.gnu-tools-for-stm32.12.3.rel1.linux64_1.0.200.202406132123/tools/bin/../lib/gcc/arm-none-eabi/12.3.1/../../../../arm-none-eabi/lib/thumb/v8-m.main+fp/hard/crt0.o (memset)
/home/thugmek/Software/stm32cubeide_1.16.1/plugins/com.st.stm32cube.ide.mcu.externaltools.gnu-tools-for-stm32.12.3.rel1.linux64_1.0.200.202406132123/tools/bin/../lib/gcc/arm-none-eabi/12.3.1/../../../../arm-none-eabi/lib/thumb/v8-m.main+fp/hard/libc_nano.a(libc_a-closer.o)
                              /home/thugmek/Software/stm32cubeide_1.16.1/plugins/com.st.stm32cube.ide.mcu.externaltools.gnu-tools-for-stm32.12.3.rel1.linux64_1.0.200.202406132123/tools/bin/../lib/gcc/arm-none-eabi/12.3.1/../../../../arm-none-eabi/lib/thumb/v8-m.main+fp/hard/libc_nano.a(libc_a-stdio.o) (_close_r)
/home/thugmek/Software/stm32cubeide_1.16.1/plugins/com.st.stm32cube.ide.mcu.externaltools.gnu-tools-for-stm32.12.3.rel1.linux64_1.0.200.202406132123/tools/bin/../lib/gcc/arm-none-eabi/12.3.1/../../../../arm-none-eabi/lib/thumb/v8-m.main+fp/hard/libc_nano.a(libc_a-reent.o)
                              /home/thugmek/Software/stm32cubeide_1.16.1/plugins/com.st.stm32cube.ide.mcu.externaltools.gnu-tools-for-stm32.12.3.rel1.linux64_1.0.200.202406132123/tools/bin/../lib/gcc/arm-none-eabi/12.3.1/../../../../arm-none-eabi/lib/thumb/v8-m.main+fp/hard/libc_nano.a(libc_a-closer.o) (errno)
/home/thugmek/Software/stm32cubeide_1.16.1/plugins/com.st.stm32cube.ide.mcu.externaltools.gnu-tools-for-stm32.12.3.rel1.linux64_1.0.200.202406132123/tools/bin/../lib/gcc/arm-none-eabi/12.3.1/../../../../arm-none-eabi/lib/thumb/v8-m.main+fp/hard/libc_nano.a(libc_a-impure.o)
                              /home/thugmek/Software/stm32cubeide_1.16.1/plugins/com.st.stm32cube.ide.mcu.externaltools.gnu-tools-for-stm32.12.3.rel1.linux64_1.0.200.202406132123/tools/bin/../lib/gcc/arm-none-eabi/12.3.1/../../../../arm-none-eabi/lib/thumb/v8-m.main+fp/hard/libc_nano.a(libc_a-reent.o) (_impure_ptr)
[...]
Memory Configuration

Name             Origin             Length             Attributes
RAM              0x20000000         0x00008000         xrw
FLASH            0x08000000         0x00020000         xr
*default*        0x00000000         0xffffffff

Linker script and memory map

LOAD /home/thugmek/Software/stm32cubeide_1.16.1/plugins/com.st.stm32cube.ide.mcu.externaltools.gnu-tools-for-stm32.12.3.rel1.linux64_1.0.200.202406132123/tools/bin/../lib/gcc/arm-none-eabi/12.3.1/thumb/v8-m.main+fp/hard/crti.o
LOAD /home/thugmek/Software/stm32cubeide_1.16.1/plugins/com.st.stm32cube.ide.mcu.externaltools.gnu-tools-for-stm32.12.3.rel1.linux64_1.0.200.202406132123/tools/bin/../lib/gcc/arm-none-eabi/12.3.1/thumb/v8-m.main+fp/hard/crtbegin.o
LOAD /home/thugmek/Software/stm32cubeide_1.16.1/plugins/com.st.stm32cube.ide.mcu.externaltools.gnu-tools-for-stm32.12.3.rel1.linux64_1.0.200.202406132123/tools/bin/../lib/gcc/arm-none-eabi/12.3.1/../../../../arm-none-eabi/lib/thumb/v8-m.main+fp/hard/crt0.o
LOAD ./Core/Src/main.o
LOAD ./Core/Src/stm32h5xx_hal_msp.o
LOAD ./Core/Src/stm32h5xx_it.o
LOAD ./Core/Src/syscalls.o
LOAD ./Core/Src/sysmem.o
LOAD ./Core/Src/system_stm32h5xx.o
LOAD ./Core/Startup/startup_stm32h503cbux.o
LOAD ./Drivers/STM32H5xx_HAL_Driver/stm32h5xx_hal.o
LOAD ./Drivers/STM32H5xx_HAL_Driver/stm32h5xx_hal_adc.o
LOAD ./Drivers/STM32H5xx_HAL_Driver/stm32h5xx_hal_adc_ex.o
LOAD ./Drivers/STM32H5xx_HAL_Driver/stm32h5xx_hal_cortex.o
LOAD ./Drivers/STM32H5xx_HAL_Driver/stm32h5xx_hal_dma.o
LOAD ./Drivers/STM32H5xx_HAL_Driver/stm32h5xx_hal_dma_ex.o
LOAD ./Drivers/STM32H5xx_HAL_Driver/stm32h5xx_hal_exti.o
LOAD ./Drivers/STM32H5xx_HAL_Driver/stm32h5xx_hal_flash.o
LOAD ./Drivers/STM32H5xx_HAL_Driver/stm32h5xx_hal_flash_ex.o
LOAD ./Drivers/STM32H5xx_HAL_Driver/stm32h5xx_hal_gpio.o
LOAD ./Drivers/STM32H5xx_HAL_Driver/stm32h5xx_hal_icache.o
LOAD ./Drivers/STM32H5xx_HAL_Driver/stm32h5xx_hal_pwr.o
LOAD ./Drivers/STM32H5xx_HAL_Driver/stm32h5xx_hal_pwr_ex.o
LOAD ./Drivers/STM32H5xx_HAL_Driver/stm32h5xx_hal_rcc.o
LOAD ./Drivers/STM32H5xx_HAL_Driver/stm32h5xx_hal_rcc_ex.o
LOAD ./Drivers/STM32H5xx_HAL_Driver/stm32h5xx_hal_tim.o
LOAD ./Drivers/STM32H5xx_HAL_Driver/stm32h5xx_hal_tim_ex.o
START GROUP
LOAD /home/thugmek/Software/stm32cubeide_1.16.1/plugins/com.st.stm32cube.ide.mcu.externaltools.gnu-tools-for-stm32.12.3.rel1.linux64_1.0.200.202406132123/tools/bin/../lib/gcc/arm-none-eabi/12.3.1/../../../../arm-none-eabi/lib/thumb/v8-m.main+fp/hard/libc_nano.a
LOAD /home/thugmek/Software/stm32cubeide_1.16.1/plugins/com.st.stm32cube.ide.mcu.externaltools.gnu-tools-for-stm32.12.3.rel1.linux64_1.0.200.202406132123/tools/bin/../lib/gcc/arm-none-eabi/12.3.1/../../../../arm-none-eabi/lib/thumb/v8-m.main+fp/hard/libm.a
END GROUP
START GROUP
LOAD /home/thugmek/Software/stm32cubeide_1.16.1/plugins/com.st.stm32cube.ide.mcu.externaltools.gnu-tools-for-stm32.12.3.rel1.linux64_1.0.200.202406132123/tools/bin/../lib/gcc/arm-none-eabi/12.3.1/thumb/v8-m.main+fp/hard/libgcc.a
LOAD /home/thugmek/Software/stm32cubeide_1.16.1/plugins/com.st.stm32cube.ide.mcu.externaltools.gnu-tools-for-stm32.12.3.rel1.linux64_1.0.200.202406132123/tools/bin/../lib/gcc/arm-none-eabi/12.3.1/../../../../arm-none-eabi/lib/thumb/v8-m.main+fp/hard/libc_nano.a
END GROUP
START GROUP
LOAD /home/thugmek/Software/stm32cubeide_1.16.1/plugins/com.st.stm32cube.ide.mcu.externaltools.gnu-tools-for-stm32.12.3.rel1.linux64_1.0.200.202406132123/tools/bin/../lib/gcc/arm-none-eabi/12.3.1/thumb/v8-m.main+fp/hard/libgcc.a
LOAD /home/thugmek/Software/stm32cubeide_1.16.1/plugins/com.st.stm32cube.ide.mcu.externaltools.gnu-tools-for-stm32.12.3.rel1.linux64_1.0.200.202406132123/tools/bin/../lib/gcc/arm-none-eabi/12.3.1/../../../../arm-none-eabi/lib/thumb/v8-m.main+fp/hard/libc_nano.a
LOAD /home/thugmek/Software/stm32cubeide_1.16.1/plugins/com.st.stm32cube.ide.mcu.externaltools.gnu-tools-for-stm32.12.3.rel1.linux64_1.0.200.202406132123/tools/bin/../lib/gcc/arm-none-eabi/12.3.1/../../../../arm-none-eabi/lib/thumb/v8-m.main+fp/hard/libnosys.a
END GROUP
START GROUP
LOAD /home/thugmek/Software/stm32cubeide_1.16.1/plugins/com.st.stm32cube.ide.mcu.externaltools.gnu-tools-for-stm32.12.3.rel1.linux64_1.0.200.202406132123/tools/bin/../lib/gcc/arm-none-eabi/12.3.1/thumb/v8-m.main+fp/hard/libgcc.a
LOAD /home/thugmek/Software/stm32cubeide_1.16.1/plugins/com.st.stm32cube.ide.mcu.externaltools.gnu-tools-for-stm32.12.3.rel1.linux64_1.0.200.202406132123/tools/bin/../lib/gcc/arm-none-eabi/12.3.1/../../../../arm-none-eabi/lib/thumb/v8-m.main+fp/hard/libc_nano.a
LOAD /home/thugmek/Software/stm32cubeide_1.16.1/plugins/com.st.stm32cube.ide.mcu.externaltools.gnu-tools-for-stm32.12.3.rel1.linux64_1.0.200.202406132123/tools/bin/../lib/gcc/arm-none-eabi/12.3.1/../../../../arm-none-eabi/lib/thumb/v8-m.main+fp/hard/libnosys.a
END GROUP
LOAD /home/thugmek/Software/stm32cubeide_1.16.1/plugins/com.st.stm32cube.ide.mcu.externaltools.gnu-tools-for-stm32.12.3.rel1.linux64_1.0.200.202406132123/tools/bin/../lib/gcc/arm-none-eabi/12.3.1/thumb/v8-m.main+fp/hard/crtend.o
LOAD /home/thugmek/Software/stm32cubeide_1.16.1/plugins/com.st.stm32cube.ide.mcu.externaltools.gnu-tools-for-stm32.12.3.rel1.linux64_1.0.200.202406132123/tools/bin/../lib/gcc/arm-none-eabi/12.3.1/thumb/v8-m.main+fp/hard/crtn.o
                0x20008000                        _estack = (ORIGIN (RAM) + LENGTH (RAM))
                0x00000200                        _Min_Heap_Size = 0x200
                0x00000400                        _Min_Stack_Size = 0x400

.isr_vector     0x08000000      0x258
                0x08000000                        . = ALIGN (0x4)
 *(.isr_vector)
 .isr_vector    0x08000000      0x258 ./Core/Startup/startup_stm32h503cbux.o
                0x08000000                g_pfnVectors
                0x08000258                        . = ALIGN (0x4)

.text           0x08000258     0x56ec
                0x08000258                        . = ALIGN (0x4)
 *(.text)
 .text          0x08000258       0x40 /home/thugmek/Software/stm32cubeide_1.16.1/plugins/com.st.stm32cube.ide.mcu.externaltools.gnu-tools-for-stm32.12.3.rel1.linux64_1.0.200.202406132123/tools/bin/../lib/gcc/arm-none-eabi/12.3.1/thumb/v8-m.main+fp/hard/crtbegin.o
 .text          0x08000298      0x378 /home/thugmek/Software/stm32cubeide_1.16.1/plugins/com.st.stm32cube.ide.mcu.externaltools.gnu-tools-for-stm32.12.3.rel1.linux64_1.0.200.202406132123/tools/bin/../lib/gcc/arm-none-eabi/12.3.1/thumb/v8-m.main+fp/hard/libgcc.a(_arm_addsubdf3.o)
                0x08000298                __aeabi_drsub
                0x080002a0                __aeabi_dsub
                0x080002a0                __subdf3
                0x080002a4                __adddf3
                0x080002a4                __aeabi_dadd
                0x0800051c                __aeabi_ui2d
                0x0800051c                __floatunsidf
                0x0800053c                __floatsidf
                0x0800053c                __aeabi_i2d
                0x08000560                __extendsfdf2
                0x08000560                __aeabi_f2d
                0x080005a4                __aeabi_ul2d
                0x080005a4                __floatundidf
                0x080005b4                __floatdidf
                0x080005b4                __aeabi_l2d
 .text          0x08000610      0x424 /home/thugmek/Software/stm32cubeide_1.16.1/plugins/com.st.stm32cube.ide.mcu.externaltools.gnu-tools-for-stm32.12.3.rel1.linux64_1.0.200.202406132123/tools/bin/../lib/gcc/arm-none-eabi/12.3.1/thumb/v8-m.main+fp/hard/libgcc.a(_arm_muldivdf3.o)
                0x08000610                __aeabi_dmul
                0x08000610                __muldf3
                0x08000864                __aeabi_ddiv
                0x08000864                __divdf3
 .text          0x08000a34      0x110 /home/thugmek/Software/stm32cubeide_1.16.1/plugins/com.st.stm32cube.ide.mcu.externaltools.gnu-tools-for-stm32.12.3.rel1.linux64_1.0.200.202406132123/tools/bin/../lib/gcc/arm-none-eabi/12.3.1/thumb/v8-m.main+fp/hard/libgcc.a(_arm_cmpdf2.o)
                0x08000a34                __gtdf2
                0x08000a34                __gedf2
                0x08000a3c                __ltdf2
                0x08000a3c                __ledf2
                0x08000a44                __cmpdf2
                0x08000a44                __eqdf2
                0x08000a44                __nedf2
                0x08000ac0                __aeabi_cdrcmple
                0x08000ad0                __aeabi_cdcmple
                0x08000ad0                __aeabi_cdcmpeq
                0x08000ae0                __aeabi_dcmpeq
                0x08000af4                __aeabi_dcmplt
                0x08000b08                __aeabi_dcmple
                0x08000b1c                __aeabi_dcmpge
                0x08000b30                __aeabi_dcmpgt
 .text          0x08000b44       0x2c /home/thugmek/Software/stm32cubeide_1.16.1/plugins/com.st.stm32cube.ide.mcu.externaltools.gnu-tools-for-stm32.12.3.rel1.linux64_1.0.200.202406132123/tools/bin/../lib/gcc/arm-none-eabi/12.3.1/thumb/v8-m.main+fp/hard/libgcc.a(_arm_unorddf2.o)
                0x08000b44                __aeabi_dcmpun
                0x08000b44                __unorddf2
 .text          0x08000b70       0xa0 /home/thugmek/Software/stm32cubeide_1.16.1/plugins/com.st.stm32cube.ide.mcu.externaltools.gnu-tools-for-stm32.12.3.rel1.linux64_1.0.200.202406132123/tools/bin/../lib/gcc/arm-none-eabi/12.3.1/thumb/v8-m.main+fp/hard/libgcc.a(_arm_truncdfsf2.o)
                0x08000b70                __aeabi_d2f
                0x08000b70                __truncdfsf2
 *(.text*)
 .text.main     0x08000c10      0x1b0 ./Core/Src/main.o
                0x08000c10                main
 .text.SystemClock_Config
                0x08000dc0       0xc0 ./Core/Src/main.o
                0x08000dc0                SystemClock_Config
 .text.MX_ADC1_Init
                0x08000e80       0xd0 ./Core/Src/main.o
 .text.MX_ICACHE_Init
                0x08000f50       0x16 ./Core/Src/main.o
 *fill*         0x08000f66        0x2 
 .text.MX_TIM1_Init
                0x08000f68       0xa8 ./Core/Src/main.o
 .text.MX_TIM2_Init
                0x08001010      0x130 ./Core/Src/main.o
 .text.MX_TIM3_Init
                0x08001140      0x11c ./Core/Src/main.o
 .text.MX_GPIO_Init
                0x0800125c       0xf0 ./Core/Src/main.o
 .text.set_wbgr_strip_color
                0x0800134c       0x90 ./Core/Src/main.o
                0x0800134c                set_wbgr_strip_color
 *fill*         0x080013dc        0x4 
 .text.adc_to_temperature
                0x080013e0      0x140 ./Core/Src/main.o
                0x080013e0                adc_to_temperature
 .text.HAL_ADC_ConvCpltCallback
                0x08001520       0x40 ./Core/Src/main.o
                0x08001520                HAL_ADC_ConvCpltCallback
 .text.Error_Handler
                0x08001560        0xc ./Core/Src/main.o
                0x08001560                Error_Handler
 .text.HAL_MspInit
                0x0800156c        0xe ./Core/Src/stm32h5xx_hal_msp.o
                0x0800156c                HAL_MspInit
 *fill*         0x0800157a        0x2 
 .text.HAL_ADC_MspInit
                0x0800157c       0x9c ./Core/Src/stm32h5xx_hal_msp.o
                0x0800157c                HAL_ADC_MspInit
 .text.HAL_TIM_Base_MspInit
                0x08001618       0x9c ./Core/Src/stm32h5xx_hal_msp.o
                0x08001618                HAL_TIM_Base_MspInit
 .text.HAL_TIM_MspPostInit
                0x080016b4       0xc0 ./Core/Src/stm32h5xx_hal_msp.o
                0x080016b4                HAL_TIM_MspPostInit
 .text.NMI_Handler
                0x08001774        0x8 ./Core/Src/stm32h5xx_it.o
                0x08001774                NMI_Handler
 .text.HardFault_Handler
                0x0800177c        0x8 ./Core/Src/stm32h5xx_it.o
                0x0800177c                HardFault_Handler
 .text.MemManage_Handler
                0x08001784        0x8 ./Core/Src/stm32h5xx_it.o
                0x08001784                MemManage_Handler
 .text.BusFault_Handler
                0x0800178c        0x8 ./Core/Src/stm32h5xx_it.o
                0x0800178c                BusFault_Handler
 .text.UsageFault_Handler
                0x08001794        0x8 ./Core/Src/stm32h5xx_it.o
                0x08001794                UsageFault_Handler
 .text.SVC_Handler
                0x0800179c        0xe ./Core/Src/stm32h5xx_it.o
                0x0800179c                SVC_Handler
 .text.DebugMon_Handler
                0x080017aa        0xe ./Core/Src/stm32h5xx_it.o
                0x080017aa                DebugMon_Handler
 .text.PendSV_Handler
                0x080017b8        0xe ./Core/Src/stm32h5xx_it.o
                0x080017b8                PendSV_Handler
 .text.SysTick_Handler
                0x080017c6        0xc ./Core/Src/stm32h5xx_it.o
                0x080017c6                SysTick_Handler
 *fill*         0x080017d2        0x2 
 .text.ADC1_IRQHandler
                0x080017d4       0x14 ./Core/Src/stm32h5xx_it.o
                0x080017d4                ADC1_IRQHandler
 .text.SystemInit
                0x080017e8       0xe4 ./Core/Src/system_stm32h5xx.o
                0x080017e8                SystemInit
 .text.Reset_Handler
                0x080018cc       0x50 ./Core/Startup/startup_stm32h503cbux.o
                0x080018cc                Reset_Handler
 .text.Default_Handler
                0x0800191c        0x2 ./Core/Startup/startup_stm32h503cbux.o
                0x0800191c                EXTI2_IRQHandler
                0x0800191c                EXTI5_IRQHandler
                0x0800191c                I3C1_ER_IRQHandler
                0x0800191c                GPDMA2_Channel1_IRQHandler
                0x0800191c                EXTI13_IRQHandler
                0x0800191c                TIM1_CC_IRQHandler
                0x0800191c                GPDMA2_Channel3_IRQHandler
                0x0800191c                TAMP_IRQHandler
                0x0800191c                TIM6_IRQHandler
                0x0800191c                EXTI12_IRQHandler
                0x0800191c                USB_DRD_FS_IRQHandler
                0x0800191c                EXTI3_IRQHandler
                0x0800191c                GPDMA1_Channel5_IRQHandler
                0x0800191c                EXTI8_IRQHandler
                0x0800191c                GPDMA2_Channel5_IRQHandler
                0x0800191c                LPTIM2_IRQHandler
                0x0800191c                GPDMA2_Channel2_IRQHandler
                0x0800191c                EXTI0_IRQHandler
                0x0800191c                I2C2_EV_IRQHandler
                0x0800191c                FPU_IRQHandler
                0x0800191c                GPDMA1_Channel3_IRQHandler
                0x0800191c                GPDMA1_Channel7_IRQHandler
                0x0800191c                FDCAN1_IT1_IRQHandler
                0x0800191c                RAMCFG_IRQHandler
                0x0800191c                SPI1_IRQHandler
                0x0800191c                GPDMA1_Channel2_IRQHandler
                0x0800191c                I3C2_ER_IRQHandler
                0x0800191c                EXTI15_IRQHandler
                0x0800191c                USART3_IRQHandler
                0x0800191c                RTC_IRQHandler
                0x0800191c                EXTI9_IRQHandler
                0x0800191c                I3C2_EV_IRQHandler
                0x0800191c                I2C1_EV_IRQHandler
                0x0800191c                GPDMA1_Channel1_IRQHandler
                0x0800191c                TIM3_IRQHandler
                0x0800191c                RCC_IRQHandler
                0x0800191c                TIM1_TRG_COM_IRQHandler
                0x0800191c                Default_Handler
                0x0800191c                GPDMA2_Channel4_IRQHandler
                0x0800191c                TIM7_IRQHandler
                0x0800191c                GPDMA1_Channel0_IRQHandler
                0x0800191c                I3C1_EV_IRQHandler
                0x0800191c                PVD_AVD_IRQHandler
                0x0800191c                SPI2_IRQHandler
                0x0800191c                EXTI14_IRQHandler
                0x0800191c                EXTI11_IRQHandler
                0x0800191c                CRS_IRQHandler
                0x0800191c                EXTI4_IRQHandler
                0x0800191c                GPDMA2_Channel0_IRQHandler
                0x0800191c                RNG_IRQHandler
                0x0800191c                GPDMA2_Channel6_IRQHandler
                0x0800191c                TIM1_UP_IRQHandler
                0x0800191c                WWDG_IRQHandler
                0x0800191c                IWDG_IRQHandler
                0x0800191c                LPUART1_IRQHandler
                0x0800191c                FDCAN1_IT0_IRQHandler
                0x0800191c                TIM2_IRQHandler
                0x0800191c                GPDMA1_Channel4_IRQHandler
                0x0800191c                EXTI7_IRQHandler
                0x0800191c                TIM1_BRK_IRQHandler
                0x0800191c                EXTI1_IRQHandler
                0x0800191c                DAC1_IRQHandler
                0x0800191c                DTS_IRQHandler
                0x0800191c                GTZC_IRQHandler
                0x0800191c                USART2_IRQHandler
                0x0800191c                GPDMA1_Channel6_IRQHandler
                0x0800191c                GPDMA2_Channel7_IRQHandler
                0x0800191c                I2C2_ER_IRQHandler
                0x0800191c                FLASH_IRQHandler
                0x0800191c                USART1_IRQHandler
                0x0800191c                EXTI10_IRQHandler
                0x0800191c                SPI3_IRQHandler
                0x0800191c                I2C1_ER_IRQHandler
                0x0800191c                EXTI6_IRQHandler
                0x0800191c                COMP1_IRQHandler
                0x0800191c                LPTIM1_IRQHandler
                0x0800191c                ICACHE_IRQHandler
                0x0800191c                HASH_IRQHandler
 *fill*         0x0800191e        0x2 
 .text.HAL_Init
                0x08001920       0x50 ./Drivers/STM32H5xx_HAL_Driver/stm32h5xx_hal.o
                0x08001920                HAL_Init
 .text.HAL_InitTick
                0x08001970       0xec ./Drivers/STM32H5xx_HAL_Driver/stm32h5xx_hal.o
                0x08001970                HAL_InitTick
 .text.HAL_IncTick
                0x08001a5c       0x28 ./Drivers/STM32H5xx_HAL_Driver/stm32h5xx_hal.o
                0x08001a5c                HAL_IncTick
 .text.HAL_GetTick
                0x08001a84       0x18 ./Drivers/STM32H5xx_HAL_Driver/stm32h5xx_hal.o
                0x08001a84                HAL_GetTick
 .text.HAL_Delay
                0x08001a9c       0x48 ./Drivers/STM32H5xx_HAL_Driver/stm32h5xx_hal.o
                0x08001a9c                HAL_Delay
 .text.LL_ADC_SetCommonClock
                0x08001ae4       0x26 ./Drivers/STM32H5xx_HAL_Driver/stm32h5xx_hal_adc.o
 .text.LL_ADC_SetCommonPathInternalCh
                0x08001b0a       0x26 ./Drivers/STM32H5xx_HAL_Driver/stm32h5xx_hal_adc.o
 .text.LL_ADC_GetCommonPathInternalCh
                0x08001b30       0x1c ./Drivers/STM32H5xx_HAL_Driver/stm32h5xx_hal_adc.o
 .text.LL_ADC_EnableChannelVDDcore
                0x08001b4c       0x24 ./Drivers/STM32H5xx_HAL_Driver/stm32h5xx_hal_adc.o
 .text.LL_ADC_EnableChannel0_GPIO
                0x08001b70       0x28 ./Drivers/STM32H5xx_HAL_Driver/stm32h5xx_hal_adc.o
 .text.LL_ADC_SetOffset
                0x08001b98       0x48 ./Drivers/STM32H5xx_HAL_Driver/stm32h5xx_hal_adc.o
 .text.LL_ADC_GetOffsetChannel
                0x08001be0       0x2c ./Drivers/STM32H5xx_HAL_Driver/stm32h5xx_hal_adc.o
 .text.LL_ADC_SetOffsetState
                0x08001c0c       0x36 ./Drivers/STM32H5xx_HAL_Driver/stm32h5xx_hal_adc.o
 .text.LL_ADC_SetOffsetSign
                0x08001c42       0x36 ./Drivers/STM32H5xx_HAL_Driver/stm32h5xx_hal_adc.o
 .text.LL_ADC_SetOffsetSaturation
                0x08001c78       0x36 ./Drivers/STM32H5xx_HAL_Driver/stm32h5xx_hal_adc.o
 .text.LL_ADC_SetSamplingTimeCommonConfig
                0x08001cae       0x26 ./Drivers/STM32H5xx_HAL_Driver/stm32h5xx_hal_adc.o
 .text.LL_ADC_REG_IsTriggerSourceSWStart
                0x08001cd4       0x26 ./Drivers/STM32H5xx_HAL_Driver/stm32h5xx_hal_adc.o
 .text.LL_ADC_REG_SetSequencerRanks
                0x08001cfa       0x58 ./Drivers/STM32H5xx_HAL_Driver/stm32h5xx_hal_adc.o
 .text.LL_ADC_INJ_IsTriggerSourceSWStart
                0x08001d52       0x26 ./Drivers/STM32H5xx_HAL_Driver/stm32h5xx_hal_adc.o
 .text.LL_ADC_SetChannelSamplingTime
                0x08001d78       0x56 ./Drivers/STM32H5xx_HAL_Driver/stm32h5xx_hal_adc.o
 *fill*         0x08001dce        0x2 
 .text.LL_ADC_SetChannelSingleDiff
                0x08001dd0       0x48 ./Drivers/STM32H5xx_HAL_Driver/stm32h5xx_hal_adc.o
 .text.LL_ADC_DisableDeepPowerDown
                0x08001e18       0x24 ./Drivers/STM32H5xx_HAL_Driver/stm32h5xx_hal_adc.o
 .text.LL_ADC_IsDeepPowerDownEnabled
                0x08001e3c       0x28 ./Drivers/STM32H5xx_HAL_Driver/stm32h5xx_hal_adc.o
 .text.LL_ADC_EnableInternalRegulator
                0x08001e64       0x28 ./Drivers/STM32H5xx_HAL_Driver/stm32h5xx_hal_adc.o
 .text.LL_ADC_IsInternalRegulatorEnabled
                0x08001e8c       0x28 ./Drivers/STM32H5xx_HAL_Driver/stm32h5xx_hal_adc.o
 .text.LL_ADC_Enable
                0x08001eb4       0x28 ./Drivers/STM32H5xx_HAL_Driver/stm32h5xx_hal_adc.o
 .text.LL_ADC_IsEnabled
                0x08001edc       0x26 ./Drivers/STM32H5xx_HAL_Driver/stm32h5xx_hal_adc.o
 .text.LL_ADC_REG_StartConversion
                0x08001f02       0x28 ./Drivers/STM32H5xx_HAL_Driver/stm32h5xx_hal_adc.o
 .text.LL_ADC_REG_IsConversionOngoing
                0x08001f2a       0x26 ./Drivers/STM32H5xx_HAL_Driver/stm32h5xx_hal_adc.o
 .text.LL_ADC_INJ_IsConversionOngoing
                0x08001f50       0x26 ./Drivers/STM32H5xx_HAL_Driver/stm32h5xx_hal_adc.o
 *fill*         0x08001f76        0x2 
 .text.HAL_ADC_Init
                0x08001f78      0x29c ./Drivers/STM32H5xx_HAL_Driver/stm32h5xx_hal_adc.o
                0x08001f78                HAL_ADC_Init
 .text.HAL_ADC_Start_IT
                0x08002214      0x168 ./Drivers/STM32H5xx_HAL_Driver/stm32h5xx_hal_adc.o
                0x08002214                HAL_ADC_Start_IT
 .text.HAL_ADC_GetValue
                0x0800237c       0x1a ./Drivers/STM32H5xx_HAL_Driver/stm32h5xx_hal_adc.o
                0x0800237c                HAL_ADC_GetValue
 .text.HAL_ADC_IRQHandler
                0x08002396      0x368 ./Drivers/STM32H5xx_HAL_Driver/stm32h5xx_hal_adc.o
                0x08002396                HAL_ADC_IRQHandler
 .text.HAL_ADC_LevelOutOfWindowCallback
                0x080026fe       0x14 ./Drivers/STM32H5xx_HAL_Driver/stm32h5xx_hal_adc.o
                0x080026fe                HAL_ADC_LevelOutOfWindowCallback
 .text.HAL_ADC_ErrorCallback
                0x08002712       0x14 ./Drivers/STM32H5xx_HAL_Driver/stm32h5xx_hal_adc.o
                0x08002712                HAL_ADC_ErrorCallback
 *fill*         0x08002726        0x2 
 .text.HAL_ADC_ConfigChannel
                0x08002728      0x800 ./Drivers/STM32H5xx_HAL_Driver/stm32h5xx_hal_adc.o
                0x08002728                HAL_ADC_ConfigChannel
 .text.ADC_Enable
                0x08002f28      0x104 ./Drivers/STM32H5xx_HAL_Driver/stm32h5xx_hal_adc.o
                0x08002f28                ADC_Enable
 .text.HAL_ADCEx_InjectedConvCpltCallback
                0x0800302c       0x14 ./Drivers/STM32H5xx_HAL_Driver/stm32h5xx_hal_adc_ex.o
                0x0800302c                HAL_ADCEx_InjectedConvCpltCallback
 .text.HAL_ADCEx_InjectedQueueOverflowCallback
                0x08003040       0x14 ./Drivers/STM32H5xx_HAL_Driver/stm32h5xx_hal_adc_ex.o
                0x08003040                HAL_ADCEx_InjectedQueueOverflowCallback
 .text.HAL_ADCEx_LevelOutOfWindow2Callback
                0x08003054       0x14 ./Drivers/STM32H5xx_HAL_Driver/stm32h5xx_hal_adc_ex.o
                0x08003054                HAL_ADCEx_LevelOutOfWindow2Callback
 .text.HAL_ADCEx_LevelOutOfWindow3Callback
                0x08003068       0x14 ./Drivers/STM32H5xx_HAL_Driver/stm32h5xx_hal_adc_ex.o
                0x08003068                HAL_ADCEx_LevelOutOfWindow3Callback
 .text.HAL_ADCEx_EndOfSamplingCallback
                0x0800307c       0x14 ./Drivers/STM32H5xx_HAL_Driver/stm32h5xx_hal_adc_ex.o
                0x0800307c                HAL_ADCEx_EndOfSamplingCallback
 .text.__NVIC_SetPriorityGrouping
                0x08003090       0x48 ./Drivers/STM32H5xx_HAL_Driver/stm32h5xx_hal_cortex.o
 .text.__NVIC_GetPriorityGrouping
                0x080030d8       0x1c ./Drivers/STM32H5xx_HAL_Driver/stm32h5xx_hal_cortex.o
 .text.__NVIC_EnableIRQ
                0x080030f4       0x3c ./Drivers/STM32H5xx_HAL_Driver/stm32h5xx_hal_cortex.o
 .text.__NVIC_SetPriority
                0x08003130       0x54 ./Drivers/STM32H5xx_HAL_Driver/stm32h5xx_hal_cortex.o
 .text.NVIC_EncodePriority
                0x08003184       0x66 ./Drivers/STM32H5xx_HAL_Driver/stm32h5xx_hal_cortex.o
 .text.HAL_NVIC_SetPriorityGrouping
                0x080031ea       0x16 ./Drivers/STM32H5xx_HAL_Driver/stm32h5xx_hal_cortex.o
                0x080031ea                HAL_NVIC_SetPriorityGrouping
 .text.HAL_NVIC_SetPriority
                0x08003200       0x34 ./Drivers/STM32H5xx_HAL_Driver/stm32h5xx_hal_cortex.o
                0x08003200                HAL_NVIC_SetPriority
 .text.HAL_NVIC_EnableIRQ
                0x08003234       0x1c ./Drivers/STM32H5xx_HAL_Driver/stm32h5xx_hal_cortex.o
                0x08003234                HAL_NVIC_EnableIRQ
 .text.HAL_SYSTICK_Config
                0x08003250       0x44 ./Drivers/STM32H5xx_HAL_Driver/stm32h5xx_hal_cortex.o
                0x08003250                HAL_SYSTICK_Config
 .text.HAL_SYSTICK_CLKSourceConfig
                0x08003294       0xb0 ./Drivers/STM32H5xx_HAL_Driver/stm32h5xx_hal_cortex.o
                0x08003294                HAL_SYSTICK_CLKSourceConfig
 .text.HAL_SYSTICK_GetCLKSourceConfig
                0x08003344       0x6c ./Drivers/STM32H5xx_HAL_Driver/stm32h5xx_hal_cortex.o
                0x08003344                HAL_SYSTICK_GetCLKSourceConfig
 .text.HAL_GPIO_Init
                0x080033b0      0x2a4 ./Drivers/STM32H5xx_HAL_Driver/stm32h5xx_hal_gpio.o
                0x080033b0                HAL_GPIO_Init
 .text.HAL_GPIO_WritePin
                0x08003654       0x30 ./Drivers/STM32H5xx_HAL_Driver/stm32h5xx_hal_gpio.o
                0x08003654                HAL_GPIO_WritePin
 .text.HAL_ICACHE_Enable
                0x08003684       0x20 ./Drivers/STM32H5xx_HAL_Driver/stm32h5xx_hal_icache.o
                0x08003684                HAL_ICACHE_Enable
 .text.HAL_RCC_OscConfig
                0x080036a4      0x870 ./Drivers/STM32H5xx_HAL_Driver/stm32h5xx_hal_rcc.o
                0x080036a4                HAL_RCC_OscConfig
 .text.HAL_RCC_ClockConfig
                0x08003f14      0x370 ./Drivers/STM32H5xx_HAL_Driver/stm32h5xx_hal_rcc.o
                0x08003f14                HAL_RCC_ClockConfig
 .text.HAL_RCC_GetSysClockFreq
                0x08004284      0x258 ./Drivers/STM32H5xx_HAL_Driver/stm32h5xx_hal_rcc.o
                0x08004284                HAL_RCC_GetSysClockFreq
 .text.HAL_RCC_GetHCLKFreq
                0x080044dc       0x38 ./Drivers/STM32H5xx_HAL_Driver/stm32h5xx_hal_rcc.o
                0x080044dc                HAL_RCC_GetHCLKFreq
 .text.HAL_TIM_Base_Init
                0x08004514       0xae ./Drivers/STM32H5xx_HAL_Driver/stm32h5xx_hal_tim.o
                0x08004514                HAL_TIM_Base_Init
 *fill*         0x080045c2        0x2 
 .text.HAL_TIM_Base_Start
                0x080045c4       0x98 ./Drivers/STM32H5xx_HAL_Driver/stm32h5xx_hal_tim.o
                0x080045c4                HAL_TIM_Base_Start
 .text.HAL_TIM_PWM_Init
                0x0800465c       0xae ./Drivers/STM32H5xx_HAL_Driver/stm32h5xx_hal_tim.o
                0x0800465c                HAL_TIM_PWM_Init
 .text.HAL_TIM_PWM_MspInit
                0x0800470a       0x14 ./Drivers/STM32H5xx_HAL_Driver/stm32h5xx_hal_tim.o
                0x0800470a                HAL_TIM_PWM_MspInit
 *fill*         0x0800471e        0x2 
 .text.HAL_TIM_PWM_Start
                0x08004720      0x19c ./Drivers/STM32H5xx_HAL_Driver/stm32h5xx_hal_tim.o
                0x08004720                HAL_TIM_PWM_Start
 .text.HAL_TIM_PWM_ConfigChannel
                0x080048bc      0x228 ./Drivers/STM32H5xx_HAL_Driver/stm32h5xx_hal_tim.o
                0x080048bc                HAL_TIM_PWM_ConfigChannel
 .text.HAL_TIM_ConfigClockSource
                0x08004ae4      0x23c ./Drivers/STM32H5xx_HAL_Driver/stm32h5xx_hal_tim.o
                0x08004ae4                HAL_TIM_ConfigClockSource
 .text.TIM_Base_SetConfig
                0x08004d20       0xcc ./Drivers/STM32H5xx_HAL_Driver/stm32h5xx_hal_tim.o
                0x08004d20                TIM_Base_SetConfig
 .text.TIM_OC1_SetConfig
                0x08004dec       0xd0 ./Drivers/STM32H5xx_HAL_Driver/stm32h5xx_hal_tim.o
 .text.TIM_OC2_SetConfig
                0x08004ebc       0xdc ./Drivers/STM32H5xx_HAL_Driver/stm32h5xx_hal_tim.o
                0x08004ebc                TIM_OC2_SetConfig
 .text.TIM_OC3_SetConfig
                0x08004f98       0xd8 ./Drivers/STM32H5xx_HAL_Driver/stm32h5xx_hal_tim.o
 .text.TIM_OC4_SetConfig
                0x08005070       0xdc ./Drivers/STM32H5xx_HAL_Driver/stm32h5xx_hal_tim.o
 .text.TIM_OC5_SetConfig
                0x0800514c       0x98 ./Drivers/STM32H5xx_HAL_Driver/stm32h5xx_hal_tim.o
 .text.TIM_OC6_SetConfig
                0x080051e4       0x9c ./Drivers/STM32H5xx_HAL_Driver/stm32h5xx_hal_tim.o
 .text.TIM_TI1_ConfigInputStage
                0x08005280       0x5e ./Drivers/STM32H5xx_HAL_Driver/stm32h5xx_hal_tim.o
 .text.TIM_TI2_ConfigInputStage
                0x080052de       0x60 ./Drivers/STM32H5xx_HAL_Driver/stm32h5xx_hal_tim.o
 .text.TIM_ITRx_SetConfig
                0x0800533e       0x3a ./Drivers/STM32H5xx_HAL_Driver/stm32h5xx_hal_tim.o
 .text.TIM_ETR_SetConfig
                0x08005378       0x40 ./Drivers/STM32H5xx_HAL_Driver/stm32h5xx_hal_tim.o
                0x08005378                TIM_ETR_SetConfig
 .text.TIM_CCxChannelCmd
                0x080053b8       0x4a ./Drivers/STM32H5xx_HAL_Driver/stm32h5xx_hal_tim.o
                0x080053b8                TIM_CCxChannelCmd
 *fill*         0x08005402        0x2 
 .text.HAL_TIMEx_MasterConfigSynchronization
                0x08005404       0xd0 ./Drivers/STM32H5xx_HAL_Driver/stm32h5xx_hal_tim_ex.o
                0x08005404                HAL_TIMEx_MasterConfigSynchronization
 .text.memset   0x080054d4       0x10 /home/thugmek/Software/stm32cubeide_1.16.1/plugins/com.st.stm32cube.ide.mcu.externaltools.gnu-tools-for-stm32.12.3.rel1.linux64_1.0.200.202406132123/tools/bin/../lib/gcc/arm-none-eabi/12.3.1/../../../../arm-none-eabi/lib/thumb/v8-m.main+fp/hard/libc_nano.a(libc_a-memset.o)
                0x080054d4                memset
 .text.__errno  0x080054e4        0xc /home/thugmek/Software/stm32cubeide_1.16.1/plugins/com.st.stm32cube.ide.mcu.externaltools.gnu-tools-for-stm32.12.3.rel1.linux64_1.0.200.202406132123/tools/bin/../lib/gcc/arm-none-eabi/12.3.1/../../../../arm-none-eabi/lib/thumb/v8-m.main+fp/hard/libc_nano.a(libc_a-errno.o)
                0x080054e4                __errno
 .text.__libc_init_array
                0x080054f0       0x48 /home/thugmek/Software/stm32cubeide_1.16.1/plugins/com.st.stm32cube.ide.mcu.externaltools.gnu-tools-for-stm32.12.3.rel1.linux64_1.0.200.202406132123/tools/bin/../lib/gcc/arm-none-eabi/12.3.1/../../../../arm-none-eabi/lib/thumb/v8-m.main+fp/hard/libc_nano.a(libc_a-init.o)
                0x080054f0                __libc_init_array
 .text.log      0x08005538       0x7c /home/thugmek/Software/stm32cubeide_1.16.1/plugins/com.st.stm32cube.ide.mcu.externaltools.gnu-tools-for-stm32.12.3.rel1.linux64_1.0.200.202406132123/tools/bin/../lib/gcc/arm-none-eabi/12.3.1/../../../../arm-none-eabi/lib/thumb/v8-m.main+fp/hard/libm.a(libm_a-w_log.o)
                0x08005538                log
 *fill*         0x080055b4        0x4 
 .text.nan      0x080055b8       0x10 /home/thugmek/Software/stm32cubeide_1.16.1/plugins/com.st.stm32cube.ide.mcu.externaltools.gnu-tools-for-stm32.12.3.rel1.linux64_1.0.200.202406132123/tools/bin/../lib/gcc/arm-none-eabi/12.3.1/../../../../arm-none-eabi/lib/thumb/v8-m.main+fp/hard/libm.a(libm_a-s_nan.o)
                0x080055b8                nan
 .text.__ieee754_log
                0x080055c8      0x364 /home/thugmek/Software/stm32cubeide_1.16.1/plugins/com.st.stm32cube.ide.mcu.externaltools.gnu-tools-for-stm32.12.3.rel1.linux64_1.0.200.202406132123/tools/bin/../lib/gcc/arm-none-eabi/12.3.1/../../../../arm-none-eabi/lib/thumb/v8-m.main+fp/hard/libm.a(libm_a-e_log.o)
                0x080055c8                __ieee754_log
 *(.glue_7)
 .glue_7        0x0800592c        0x0 linker stubs
 *(.glue_7t)
 .glue_7t       0x0800592c        0x0 linker stubs
 *(.eh_frame)
 .eh_frame      0x0800592c        0x0 /home/thugmek/Software/stm32cubeide_1.16.1/plugins/com.st.stm32cube.ide.mcu.externaltools.gnu-tools-for-stm32.12.3.rel1.linux64_1.0.200.202406132123/tools/bin/../lib/gcc/arm-none-eabi/12.3.1/thumb/v8-m.main+fp/hard/crtbegin.o
 *(.init)
 .init          0x0800592c        0x4 /home/thugmek/Software/stm32cubeide_1.16.1/plugins/com.st.stm32cube.ide.mcu.externaltools.gnu-tools-for-stm32.12.3.rel1.linux64_1.0.200.202406132123/tools/bin/../lib/gcc/arm-none-eabi/12.3.1/thumb/v8-m.main+fp/hard/crti.o
                0x0800592c                _init
 .init          0x08005930        0x8 /home/thugmek/Software/stm32cubeide_1.16.1/plugins/com.st.stm32cube.ide.mcu.externaltools.gnu-tools-for-stm32.12.3.rel1.linux64_1.0.200.202406132123/tools/bin/../lib/gcc/arm-none-eabi/12.3.1/thumb/v8-m.main+fp/hard/crtn.o
 *(.fini)
 .fini          0x08005938        0x4 /home/thugmek/Software/stm32cubeide_1.16.1/plugins/com.st.stm32cube.ide.mcu.externaltools.gnu-tools-for-stm32.12.3.rel1.linux64_1.0.200.202406132123/tools/bin/../lib/gcc/arm-none-eabi/12.3.1/thumb/v8-m.main+fp/hard/crti.o
                0x08005938                _fini
 .fini          0x0800593c        0x8 /home/thugmek/Software/stm32cubeide_1.16.1/plugins/com.st.stm32cube.ide.mcu.externaltools.gnu-tools-for-stm32.12.3.rel1.linux64_1.0.200.202406132123/tools/bin/../lib/gcc/arm-none-eabi/12.3.1/thumb/v8-m.main+fp/hard/crtn.o
                0x08005944                        . = ALIGN (0x4)
                0x08005944                        _etext = .

.vfp11_veneer   0x08005944        0x0
 .vfp11_veneer  0x08005944        0x0 linker stubs

.v4_bx          0x08005944        0x0
 .v4_bx         0x08005944        0x0 linker stubs

.iplt           0x08005944        0x0
 .iplt          0x08005944        0x0 /home/thugmek/Software/stm32cubeide_1.16.1/plugins/com.st.stm32cube.ide.mcu.externaltools.gnu-tools-for-stm32.12.3.rel1.linux64_1.0.200.202406132123/tools/bin/../lib/gcc/arm-none-eabi/12.3.1/thumb/v8-m.main+fp/hard/crtbegin.o

.rodata         0x08005944       0x34
                0x08005944                        . = ALIGN (0x4)
 *(.rodata)
 .rodata        0x08005944       0x20 ./Core/Src/main.o
 *(.rodata*)
 .rodata.AHBPrescTable
                0x08005964       0x10 ./Core/Src/system_stm32h5xx.o
                0x08005964                AHBPrescTable
 .rodata.log.str1.1
                0x08005974        0x1 /home/thugmek/Software/stm32cubeide_1.16.1/plugins/com.st.stm32cube.ide.mcu.externaltools.gnu-tools-for-stm32.12.3.rel1.linux64_1.0.200.202406132123/tools/bin/../lib/gcc/arm-none-eabi/12.3.1/../../../../arm-none-eabi/lib/thumb/v8-m.main+fp/hard/libm.a(libm_a-w_log.o)
                0x08005978                        . = ALIGN (0x4)
 *fill*         0x08005975        0x3 

.ARM.extab      0x08005978        0x0
                0x08005978                        . = ALIGN (0x4)
 *(.ARM.extab* .gnu.linkonce.armextab.*)
                0x08005978                        . = ALIGN (0x4)

.ARM            0x08005978        0x0
                0x08005978                        . = ALIGN (0x4)
                0x08005978                        __exidx_start = .
 *(.ARM.exidx*)
                0x08005978                        __exidx_end = .
                0x08005978                        . = ALIGN (0x4)

.preinit_array  0x08005978        0x0
                0x08005978                        . = ALIGN (0x4)
                0x08005978                        PROVIDE (__preinit_array_start = .)
 *(.preinit_array*)
                0x08005978                        PROVIDE (__preinit_array_end = .)
                0x08005978                        . = ALIGN (0x4)

.init_array     0x08005978        0x4
                0x08005978                        . = ALIGN (0x4)
                0x08005978                        PROVIDE (__init_array_start = .)
 *(SORT_BY_NAME(.init_array.*))
 *(.init_array*)
 .init_array    0x08005978        0x4 /home/thugmek/Software/stm32cubeide_1.16.1/plugins/com.st.stm32cube.ide.mcu.externaltools.gnu-tools-for-stm32.12.3.rel1.linux64_1.0.200.202406132123/tools/bin/../lib/gcc/arm-none-eabi/12.3.1/thumb/v8-m.main+fp/hard/crtbegin.o
                0x0800597c                        PROVIDE (__init_array_end = .)
                0x0800597c                        . = ALIGN (0x4)

.fini_array     0x0800597c        0x4
                0x0800597c                        . = ALIGN (0x4)
                [!provide]                        PROVIDE (__fini_array_start = .)
 *(SORT_BY_NAME(.fini_array.*))
 *(.fini_array*)
 .fini_array    0x0800597c        0x4 /home/thugmek/Software/stm32cubeide_1.16.1/plugins/com.st.stm32cube.ide.mcu.externaltools.gnu-tools-for-stm32.12.3.rel1.linux64_1.0.200.202406132123/tools/bin/../lib/gcc/arm-none-eabi/12.3.1/thumb/v8-m.main+fp/hard/crtbegin.o
                [!provide]                        PROVIDE (__fini_array_end = .)
                0x08005980                        . = ALIGN (0x4)
                0x08005980                        _sidata = LOADADDR (.data)

.rel.dyn        0x08005980        0x0
 .rel.iplt      0x08005980        0x0 /home/thugmek/Software/stm32cubeide_1.16.1/plugins/com.st.stm32cube.ide.mcu.externaltools.gnu-tools-for-stm32.12.3.rel1.linux64_1.0.200.202406132123/tools/bin/../lib/gcc/arm-none-eabi/12.3.1/thumb/v8-m.main+fp/hard/crtbegin.o

.data           0x20000000       0x5c load address 0x08005980
                0x20000000                        . = ALIGN (0x4)
                0x20000000                        _sdata = .
 *(.data)
 *(.data*)
 .data.SystemCoreClock
                0x20000000        0x4 ./Core/Src/system_stm32h5xx.o
                0x20000000                SystemCoreClock
 .data.uwTickPrio
                0x20000004        0x4 ./Drivers/STM32H5xx_HAL_Driver/stm32h5xx_hal.o
                0x20000004                uwTickPrio
 .data.uwTickFreq
                0x20000008        0x1 ./Drivers/STM32H5xx_HAL_Driver/stm32h5xx_hal.o
                0x20000008                uwTickFreq
 *fill*         0x20000009        0x3 
 .data._impure_ptr
                0x2000000c        0x4 /home/thugmek/Software/stm32cubeide_1.16.1/plugins/com.st.stm32cube.ide.mcu.externaltools.gnu-tools-for-stm32.12.3.rel1.linux64_1.0.200.202406132123/tools/bin/../lib/gcc/arm-none-eabi/12.3.1/../../../../arm-none-eabi/lib/thumb/v8-m.main+fp/hard/libc_nano.a(libc_a-impure.o)
                0x2000000c                _impure_ptr
 .data._impure_data
                0x20000010       0x4c /home/thugmek/Software/stm32cubeide_1.16.1/plugins/com.st.stm32cube.ide.mcu.externaltools.gnu-tools-for-stm32.12.3.rel1.linux64_1.0.200.202406132123/tools/bin/../lib/gcc/arm-none-eabi/12.3.1/../../../../arm-none-eabi/lib/thumb/v8-m.main+fp/hard/libc_nano.a(libc_a-impure.o)
                0x20000010                _impure_data
 *(.RamFunc)
 *(.RamFunc*)
                0x2000005c                        . = ALIGN (0x4)
                0x2000005c                        _edata = .

.igot.plt       0x2000005c        0x0 load address 0x080059dc
 .igot.plt      0x2000005c        0x0 /home/thugmek/Software/stm32cubeide_1.16.1/plugins/com.st.stm32cube.ide.mcu.externaltools.gnu-tools-for-stm32.12.3.rel1.linux64_1.0.200.202406132123/tools/bin/../lib/gcc/arm-none-eabi/12.3.1/thumb/v8-m.main+fp/hard/crtbegin.o
                0x2000005c                        . = ALIGN (0x4)

.bss            0x2000005c      0x2a4 load address 0x080059dc
                0x2000005c                        _sbss = .
                0x2000005c                        __bss_start__ = _sbss
 *(.bss)
 .bss           0x2000005c       0x1c /home/thugmek/Software/stm32cubeide_1.16.1/plugins/com.st.stm32cube.ide.mcu.externaltools.gnu-tools-for-stm32.12.3.rel1.linux64_1.0.200.202406132123/tools/bin/../lib/gcc/arm-none-eabi/12.3.1/thumb/v8-m.main+fp/hard/crtbegin.o
 *(.bss*)
 .bss.hadc1     0x20000078       0x68 ./Core/Src/main.o
                0x20000078                hadc1
 .bss.htim1     0x200000e0       0x4c ./Core/Src/main.o
                0x200000e0                htim1
 .bss.htim2     0x2000012c       0x4c ./Core/Src/main.o
                0x2000012c                htim2
 .bss.htim3     0x20000178       0x4c ./Core/Src/main.o
                0x20000178                htim3
 .bss.uwTick    0x200001c4        0x4 ./Drivers/STM32H5xx_HAL_Driver/stm32h5xx_hal.o
                0x200001c4                uwTick
 .bss.__sf      0x200001c8      0x138 /home/thugmek/Software/stm32cubeide_1.16.1/plugins/com.st.stm32cube.ide.mcu.externaltools.gnu-tools-for-stm32.12.3.rel1.linux64_1.0.200.202406132123/tools/bin/../lib/gcc/arm-none-eabi/12.3.1/../../../../arm-none-eabi/lib/thumb/v8-m.main+fp/hard/libc_nano.a(libc_a-findfp.o)
                0x200001c8                __sf
 *(COMMON)
                0x20000300                        . = ALIGN (0x4)
                0x20000300                        _ebss = .
                0x20000300                        __bss_end__ = _ebss

._user_heap_stack
                0x20000300      0x600 load address 0x080059dc
                0x20000300                        . = ALIGN (0x8)
                [!provide]                        PROVIDE (end = .)
                0x20000300                        PROVIDE (_end = .)
                0x20000500                        . = (. + _Min_Heap_Size)
 *fill*         0x20000300      0x200 
                0x20000900                        . = (. + _Min_Stack_Size)
 *fill*         0x20000500      0x400 
                0x20000900                        . = ALIGN (0x8)

/DISCARD/
 libc.a(*)
 libm.a(*)
 libgcc.a(*)

.ARM.attributes
                0x00000000       0x36
 *(.ARM.attributes)
 .ARM.attributes
                0x00000000       0x26 /home/thugmek/Software/stm32cubeide_1.16.1/plugins/com.st.stm32cube.ide.mcu.externaltools.gnu-tools-for-stm32.12.3.rel1.linux64_1.0.200.202406132123/tools/bin/../lib/gcc/arm-none-eabi/12.3.1/thumb/v8-m.main+fp/hard/crti.o
 .ARM.attributes
                0x00000026       0x38 /home/thugmek/Software/stm32cubeide_1.16.1/plugins/com.st.stm32cube.ide.mcu.externaltools.gnu-tools-for-stm32.12.3.rel1.linux64_1.0.200.202406132123/tools/bin/../lib/gcc/arm-none-eabi/12.3.1/thumb/v8-m.main+fp/hard/crtbegin.o
 .ARM.attributes
                0x0000005e       0x3a ./Core/Src/main.o
 .ARM.attributes
                0x00000098       0x3a ./Core/Src/stm32h5xx_hal_msp.o
 .ARM.attributes
                0x000000d2       0x3a ./Core/Src/stm32h5xx_it.o
 .ARM.attributes
                0x0000010c       0x3a ./Core/Src/system_stm32h5xx.o
 .ARM.attributes
                0x00000146       0x24 ./Core/Startup/startup_stm32h503cbux.o
 .ARM.attributes
                0x0000016a       0x3a ./Drivers/STM32H5xx_HAL_Driver/stm32h5xx_hal.o
 .ARM.attributes
                0x000001a4       0x3a ./Drivers/STM32H5xx_HAL_Driver/stm32h5xx_hal_adc.o
 .ARM.attributes
                0x000001de       0x3a ./Drivers/STM32H5xx_HAL_Driver/stm32h5xx_hal_adc_ex.o
 .ARM.attributes
                0x00000218       0x3a ./Drivers/STM32H5xx_HAL_Driver/stm32h5xx_hal_cortex.o
 .ARM.attributes
                0x00000252       0x3a ./Drivers/STM32H5xx_HAL_Driver/stm32h5xx_hal_gpio.o
 .ARM.attributes
                0x0000028c       0x3a ./Drivers/STM32H5xx_HAL_Driver/stm32h5xx_hal_icache.o
 .ARM.attributes
                0x000002c6       0x3a ./Drivers/STM32H5xx_HAL_Driver/stm32h5xx_hal_rcc.o
 .ARM.attributes
                0x00000300       0x3a ./Drivers/STM32H5xx_HAL_Driver/stm32h5xx_hal_tim.o
 .ARM.attributes
                0x0000033a       0x3a ./Drivers/STM32H5xx_HAL_Driver/stm32h5xx_hal_tim_ex.o
 .ARM.attributes
                0x00000374       0x38 /home/thugmek/Software/stm32cubeide_1.16.1/plugins/com.st.stm32cube.ide.mcu.externaltools.gnu-tools-for-stm32.12.3.rel1.linux64_1.0.200.202406132123/tools/bin/../lib/gcc/arm-none-eabi/12.3.1/../../../../arm-none-eabi/lib/thumb/v8-m.main+fp/hard/libc_nano.a(libc_a-findfp.o)
 .ARM.attributes
                0x000003ac       0x38 /home/thugmek/Software/stm32cubeide_1.16.1/plugins/com.st.stm32cube.ide.mcu.externaltools.gnu-tools-for-stm32.12.3.rel1.linux64_1.0.200.202406132123/tools/bin/../lib/gcc/arm-none-eabi/12.3.1/../../../../arm-none-eabi/lib/thumb/v8-m.main+fp/hard/libc_nano.a(libc_a-memset.o)
 .ARM.attributes
                0x000003e4       0x38 /home/thugmek/Software/stm32cubeide_1.16.1/plugins/com.st.stm32cube.ide.mcu.externaltools.gnu-tools-for-stm32.12.3.rel1.linux64_1.0.200.202406132123/tools/bin/../lib/gcc/arm-none-eabi/12.3.1/../../../../arm-none-eabi/lib/thumb/v8-m.main+fp/hard/libc_nano.a(libc_a-impure.o)
 .ARM.attributes
                0x0000041c       0x38 /home/thugmek/Software/stm32cubeide_1.16.1/plugins/com.st.stm32cube.ide.mcu.externaltools.gnu-tools-for-stm32.12.3.rel1.linux64_1.0.200.202406132123/tools/bin/../lib/gcc/arm-none-eabi/12.3.1/../../../../arm-none-eabi/lib/thumb/v8-m.main+fp/hard/libc_nano.a(libc_a-errno.o)
 .ARM.attributes
                0x00000454       0x38 /home/thugmek/Software/stm32cubeide_1.16.1/plugins/com.st.stm32cube.ide.mcu.externaltools.gnu-tools-for-stm32.12.3.rel1.linux64_1.0.200.202406132123/tools/bin/../lib/gcc/arm-none-eabi/12.3.1/../../../../arm-none-eabi/lib/thumb/v8-m.main+fp/hard/libc_nano.a(libc_a-init.o)
 .ARM.attributes
                0x0000048c       0x38 /home/thugmek/Software/stm32cubeide_1.16.1/plugins/com.st.stm32cube.ide.mcu.externaltools.gnu-tools-for-stm32.12.3.rel1.linux64_1.0.200.202406132123/tools/bin/../lib/gcc/arm-none-eabi/12.3.1/../../../../arm-none-eabi/lib/thumb/v8-m.main+fp/hard/libm.a(libm_a-w_log.o)
 .ARM.attributes
                0x000004c4       0x38 /home/thugmek/Software/stm32cubeide_1.16.1/plugins/com.st.stm32cube.ide.mcu.externaltools.gnu-tools-for-stm32.12.3.rel1.linux64_1.0.200.202406132123/tools/bin/../lib/gcc/arm-none-eabi/12.3.1/../../../../arm-none-eabi/lib/thumb/v8-m.main+fp/hard/libm.a(libm_a-s_nan.o)
 .ARM.attributes
                0x000004fc       0x38 /home/thugmek/Software/stm32cubeide_1.16.1/plugins/com.st.stm32cube.ide.mcu.externaltools.gnu-tools-for-stm32.12.3.rel1.linux64_1.0.200.202406132123/tools/bin/../lib/gcc/arm-none-eabi/12.3.1/../../../../arm-none-eabi/lib/thumb/v8-m.main+fp/hard/libm.a(libm_a-e_log.o)
 .ARM.attributes
                0x00000534       0x26 /home/thugmek/Software/stm32cubeide_1.16.1/plugins/com.st.stm32cube.ide.mcu.externaltools.gnu-tools-for-stm32.12.3.rel1.linux64_1.0.200.202406132123/tools/bin/../lib/gcc/arm-none-eabi/12.3.1/thumb/v8-m.main+fp/hard/libgcc.a(_arm_addsubdf3.o)
 .ARM.attributes
                0x0000055a       0x26 /home/thugmek/Software/stm32cubeide_1.16.1/plugins/com.st.stm32cube.ide.mcu.externaltools.gnu-tools-for-stm32.12.3.rel1.linux64_1.0.200.202406132123/tools/bin/../lib/gcc/arm-none-eabi/12.3.1/thumb/v8-m.main+fp/hard/libgcc.a(_arm_muldivdf3.o)
 .ARM.attributes
                0x00000580       0x26 /home/thugmek/Software/stm32cubeide_1.16.1/plugins/com.st.stm32cube.ide.mcu.externaltools.gnu-tools-for-stm32.12.3.rel1.linux64_1.0.200.202406132123/tools/bin/../lib/gcc/arm-none-eabi/12.3.1/thumb/v8-m.main+fp/hard/libgcc.a(_arm_cmpdf2.o)
 .ARM.attributes
                0x000005a6       0x26 /home/thugmek/Software/stm32cubeide_1.16.1/plugins/com.st.stm32cube.ide.mcu.externaltools.gnu-tools-for-stm32.12.3.rel1.linux64_1.0.200.202406132123/tools/bin/../lib/gcc/arm-none-eabi/12.3.1/thumb/v8-m.main+fp/hard/libgcc.a(_arm_unorddf2.o)
 .ARM.attributes
                0x000005cc       0x26 /home/thugmek/Software/stm32cubeide_1.16.1/plugins/com.st.stm32cube.ide.mcu.externaltools.gnu-tools-for-stm32.12.3.rel1.linux64_1.0.200.202406132123/tools/bin/../lib/gcc/arm-none-eabi/12.3.1/thumb/v8-m.main+fp/hard/libgcc.a(_arm_truncdfsf2.o)
 .ARM.attributes
                0x000005f2       0x26 /home/thugmek/Software/stm32cubeide_1.16.1/plugins/com.st.stm32cube.ide.mcu.externaltools.gnu-tools-for-stm32.12.3.rel1.linux64_1.0.200.202406132123/tools/bin/../lib/gcc/arm-none-eabi/12.3.1/thumb/v8-m.main+fp/hard/crtn.o
OUTPUT(XBuddyExtensionDemo2.elf elf32-littlearm)
LOAD linker stubs
LOAD /home/thugmek/Software/stm32cubeide_1.16.1/plugins/com.st.stm32cube.ide.mcu.externaltools.gnu-tools-for-stm32.12.3.rel1.linux64_1.0.200.202406132123/tools/bin/../lib/gcc/arm-none-eabi/12.3.1/../../../../arm-none-eabi/lib/thumb/v8-m.main+fp/hard/libc.a
LOAD /home/thugmek/Software/stm32cubeide_1.16.1/plugins/com.st.stm32cube.ide.mcu.externaltools.gnu-tools-for-stm32.12.3.rel1.linux64_1.0.200.202406132123/tools/bin/../lib/gcc/arm-none-eabi/12.3.1/../../../../arm-none-eabi/lib/thumb/v8-m.main+fp/hard/libm.a
LOAD /home/thugmek/Software/stm32cubeide_1.16.1/plugins/com.st.stm32cube.ide.mcu.externaltools.gnu-tools-for-stm32.12.3.rel1.linux64_1.0.200.202406132123/tools/bin/../lib/gcc/arm-none-eabi/12.3.1/thumb/v8-m.main+fp/hard/libgcc.a

.debug_info     0x00000000    0x11650
 .debug_info    0x00000000     0x1f6b ./Core/Src/main.o
 .debug_info    0x00001f6b     0x1620 ./Core/Src/stm32h5xx_hal_msp.o
 .debug_info    0x0000358b      0x9fa ./Core/Src/stm32h5xx_it.o
 .debug_info    0x00003f85      0xc0b ./Core/Src/system_stm32h5xx.o
 .debug_info    0x00004b90       0x30 ./Core/Startup/startup_stm32h503cbux.o
 .debug_info    0x00004bc0     0x1069 ./Drivers/STM32H5xx_HAL_Driver/stm32h5xx_hal.o
 .debug_info    0x00005c29     0x2282 ./Drivers/STM32H5xx_HAL_Driver/stm32h5xx_hal_adc.o
 .debug_info    0x00007eab     0x1b85 ./Drivers/STM32H5xx_HAL_Driver/stm32h5xx_hal_adc_ex.o
 .debug_info    0x00009a30     0x1522 ./Drivers/STM32H5xx_HAL_Driver/stm32h5xx_hal_cortex.o
 .debug_info    0x0000af52      0x6aa ./Drivers/STM32H5xx_HAL_Driver/stm32h5xx_hal_gpio.o
 .debug_info    0x0000b5fc      0x377 ./Drivers/STM32H5xx_HAL_Driver/stm32h5xx_hal_icache.o
 .debug_info    0x0000b973      0xfdf ./Drivers/STM32H5xx_HAL_Driver/stm32h5xx_hal_rcc.o
 .debug_info    0x0000c952     0x2e54 ./Drivers/STM32H5xx_HAL_Driver/stm32h5xx_hal_tim.o
 .debug_info    0x0000f7a6     0x1eaa ./Drivers/STM32H5xx_HAL_Driver/stm32h5xx_hal_tim_ex.o

.debug_abbrev   0x00000000     0x1f44
 .debug_abbrev  0x00000000      0x348 ./Core/Src/main.o
 .debug_abbrev  0x00000348      0x216 ./Core/Src/stm32h5xx_hal_msp.o
 .debug_abbrev  0x0000055e      0x17c ./Core/Src/stm32h5xx_it.o
 .debug_abbrev  0x000006da      0x13a ./Core/Src/system_stm32h5xx.o
 .debug_abbrev  0x00000814       0x24 ./Core/Startup/startup_stm32h503cbux.o
 .debug_abbrev  0x00000838      0x2ac ./Drivers/STM32H5xx_HAL_Driver/stm32h5xx_hal.o
 .debug_abbrev  0x00000ae4      0x2b9 ./Drivers/STM32H5xx_HAL_Driver/stm32h5xx_hal_adc.o
 .debug_abbrev  0x00000d9d      0x2c5 ./Drivers/STM32H5xx_HAL_Driver/stm32h5xx_hal_adc_ex.o
 .debug_abbrev  0x00001062      0x311 ./Drivers/STM32H5xx_HAL_Driver/stm32h5xx_hal_cortex.o
 .debug_abbrev  0x00001373      0x1db ./Drivers/STM32H5xx_HAL_Driver/stm32h5xx_hal_gpio.o
 .debug_abbrev  0x0000154e      0x1e4 ./Drivers/STM32H5xx_HAL_Driver/stm32h5xx_hal_icache.o
 .debug_abbrev  0x00001732      0x28e ./Drivers/STM32H5xx_HAL_Driver/stm32h5xx_hal_rcc.o
 .debug_abbrev  0x000019c0      0x2bd ./Drivers/STM32H5xx_HAL_Driver/stm32h5xx_hal_tim.o
 .debug_abbrev  0x00001c7d      0x2c7 ./Drivers/STM32H5xx_HAL_Driver/stm32h5xx_hal_tim_ex.o

.debug_aranges  0x00000000     0x1010
 .debug_aranges
                0x00000000       0x78 ./Core/Src/main.o
 .debug_aranges
                0x00000078       0x48 ./Core/Src/stm32h5xx_hal_msp.o
 .debug_aranges
                0x000000c0       0x68 ./Core/Src/stm32h5xx_it.o
 .debug_aranges
                0x00000128       0x28 ./Core/Src/system_stm32h5xx.o
 .debug_aranges
                0x00000150       0x28 ./Core/Startup/startup_stm32h503cbux.o
 .debug_aranges
                0x00000178      0x1a0 ./Drivers/STM32H5xx_HAL_Driver/stm32h5xx_hal.o
 .debug_aranges
                0x00000318      0x248 ./Drivers/STM32H5xx_HAL_Driver/stm32h5xx_hal_adc.o
 .debug_aranges
                0x00000560      0x198 ./Drivers/STM32H5xx_HAL_Driver/stm32h5xx_hal_adc_ex.o
 .debug_aranges
                0x000006f8      0x140 ./Drivers/STM32H5xx_HAL_Driver/stm32h5xx_hal_cortex.o
 .debug_aranges
                0x00000838       0x78 ./Drivers/STM32H5xx_HAL_Driver/stm32h5xx_hal_gpio.o
 .debug_aranges
                0x000008b0       0x98 ./Drivers/STM32H5xx_HAL_Driver/stm32h5xx_hal_icache.o
 .debug_aranges
                0x00000948       0xa0 ./Drivers/STM32H5xx_HAL_Driver/stm32h5xx_hal_rcc.o
 .debug_aranges
                0x000009e8      0x3e8 ./Drivers/STM32H5xx_HAL_Driver/stm32h5xx_hal_tim.o
 .debug_aranges
                0x00000dd0      0x240 ./Drivers/STM32H5xx_HAL_Driver/stm32h5xx_hal_tim_ex.o

.debug_rnglists
                0x00000000      0xc5d
 .debug_rnglists
                0x00000000       0x5e ./Core/Src/main.o
 .debug_rnglists
                0x0000005e       0x34 ./Core/Src/stm32h5xx_hal_msp.o
 .debug_rnglists
                0x00000092       0x49 ./Core/Src/stm32h5xx_it.o
 .debug_rnglists
                0x000000db       0x1b ./Core/Src/system_stm32h5xx.o
 .debug_rnglists
                0x000000f6       0x19 ./Core/Startup/startup_stm32h503cbux.o
 .debug_rnglists
                0x0000010f      0x134 ./Drivers/STM32H5xx_HAL_Driver/stm32h5xx_hal.o
 .debug_rnglists
                0x00000243      0x1c0 ./Drivers/STM32H5xx_HAL_Driver/stm32h5xx_hal_adc.o
 .debug_rnglists
                0x00000403      0x138 ./Drivers/STM32H5xx_HAL_Driver/stm32h5xx_hal_adc_ex.o
 .debug_rnglists
                0x0000053b       0xec ./Drivers/STM32H5xx_HAL_Driver/stm32h5xx_hal_cortex.o
 .debug_rnglists
                0x00000627       0x57 ./Drivers/STM32H5xx_HAL_Driver/stm32h5xx_hal_gpio.o
 .debug_rnglists
                0x0000067e       0x6d ./Drivers/STM32H5xx_HAL_Driver/stm32h5xx_hal_icache.o
 .debug_rnglists
                0x000006eb       0x79 ./Drivers/STM32H5xx_HAL_Driver/stm32h5xx_hal_rcc.o
 .debug_rnglists
                0x00000764      0x32e ./Drivers/STM32H5xx_HAL_Driver/stm32h5xx_hal_tim.o
 .debug_rnglists
                0x00000a92      0x1cb ./Drivers/STM32H5xx_HAL_Driver/stm32h5xx_hal_tim_ex.o

.debug_macro    0x00000000    0x20fd0
 .debug_macro   0x00000000      0x2ba ./Core/Src/main.o
 .debug_macro   0x000002ba      0xaba ./Core/Src/main.o
 .debug_macro   0x00000d74      0x1d0 ./Core/Src/main.o
 .debug_macro   0x00000f44       0x22 ./Core/Src/main.o
 .debug_macro   0x00000f66       0x5b ./Core/Src/main.o
 .debug_macro   0x00000fc1       0x2a ./Core/Src/main.o
 .debug_macro   0x00000feb       0x94 ./Core/Src/main.o
 .debug_macro   0x0000107f       0x43 ./Core/Src/main.o
 .debug_macro   0x000010c2       0x34 ./Core/Src/main.o
 .debug_macro   0x000010f6      0x189 ./Core/Src/main.o
 .debug_macro   0x0000127f       0x16 ./Core/Src/main.o
 .debug_macro   0x00001295       0x43 ./Core/Src/main.o
 .debug_macro   0x000012d8       0x57 ./Core/Src/main.o
 .debug_macro   0x0000132f       0x34 ./Core/Src/main.o
 .debug_macro   0x00001363       0x10 ./Core/Src/main.o
 .debug_macro   0x00001373       0x58 ./Core/Src/main.o
 .debug_macro   0x000013cb       0x8e ./Core/Src/main.o
 .debug_macro   0x00001459       0x1c ./Core/Src/main.o
 .debug_macro   0x00001475      0x177 ./Core/Src/main.o
 .debug_macro   0x000015ec      0x369 ./Core/Src/main.o
 .debug_macro   0x00001955      0x19b ./Core/Src/main.o
 .debug_macro   0x00001af0       0x28 ./Core/Src/main.o
 .debug_macro   0x00001b18       0x42 ./Core/Src/main.o
 .debug_macro   0x00001b5a      0x103 ./Core/Src/main.o
 .debug_macro   0x00001c5d       0x6a ./Core/Src/main.o
 .debug_macro   0x00001cc7      0x1df ./Core/Src/main.o
 .debug_macro   0x00001ea6       0x1c ./Core/Src/main.o
 .debug_macro   0x00001ec2       0x29 ./Core/Src/main.o
 .debug_macro   0x00001eeb       0xfb ./Core/Src/main.o
 .debug_macro   0x00001fe6     0x1685 ./Core/Src/main.o
 .debug_macro   0x0000366b       0x5e ./Core/Src/main.o
 .debug_macro   0x000036c9    0x11feb ./Core/Src/main.o
 .debug_macro   0x000156b4       0x6d ./Core/Src/main.o
 .debug_macro   0x00015721     0x3891 ./Core/Src/main.o
 .debug_macro   0x00018fb2       0x63 ./Core/Src/main.o
 .debug_macro   0x00019015     0x146a ./Core/Src/main.o
 .debug_macro   0x0001a47f      0x75e ./Core/Src/main.o
 .debug_macro   0x0001abdd      0x166 ./Core/Src/main.o
 .debug_macro   0x0001ad43      0x1a7 ./Core/Src/main.o
 .debug_macro   0x0001aeea       0x6e ./Core/Src/main.o
 .debug_macro   0x0001af58      0x527 ./Core/Src/main.o
 .debug_macro   0x0001b47f      0x40f ./Core/Src/main.o
 .debug_macro   0x0001b88e       0xd6 ./Core/Src/main.o
 .debug_macro   0x0001b964      0x1ce ./Core/Src/main.o
 .debug_macro   0x0001bb32      0xdd7 ./Core/Src/main.o
 .debug_macro   0x0001c909      0x64e ./Core/Src/main.o
 .debug_macro   0x0001cf57      0x22c ./Core/Src/main.o
 .debug_macro   0x0001d183      0x1c3 ./Core/Src/main.o
 .debug_macro   0x0001d346      0x4e8 ./Core/Src/main.o
 .debug_macro   0x0001d82e       0x58 ./Core/Src/main.o
 .debug_macro   0x0001d886      0x272 ./Core/Src/main.o
 .debug_macro   0x0001daf8      0x1a6 ./Core/Src/main.o
 .debug_macro   0x0001dc9e      0xbe8 ./Core/Src/main.o
 .debug_macro   0x0001e886      0x2bd ./Core/Src/main.o
 .debug_macro   0x0001eb43      0x20a ./Core/Src/main.o
 .debug_macro   0x0001ed4d      0x31f ./Core/Src/main.o
 .debug_macro   0x0001f06c      0x290 ./Core/Src/stm32h5xx_hal_msp.o
 .debug_macro   0x0001f2fc      0x29a ./Core/Src/stm32h5xx_it.o
 .debug_macro   0x0001f596      0x28d ./Core/Src/system_stm32h5xx.o
 .debug_macro   0x0001f823      0x2b6 ./Drivers/STM32H5xx_HAL_Driver/stm32h5xx_hal.o
 .debug_macro   0x0001fad9      0x2a3 ./Drivers/STM32H5xx_HAL_Driver/stm32h5xx_hal_adc.o
 .debug_macro   0x0001fd7c      0x292 ./Drivers/STM32H5xx_HAL_Driver/stm32h5xx_hal_adc_ex.o
 .debug_macro   0x0002000e      0x286 ./Drivers/STM32H5xx_HAL_Driver/stm32h5xx_hal_cortex.o
 .debug_macro   0x00020294      0x2bc ./Drivers/STM32H5xx_HAL_Driver/stm32h5xx_hal_gpio.o
 .debug_macro   0x00020550      0x29e ./Drivers/STM32H5xx_HAL_Driver/stm32h5xx_hal_icache.o
 .debug_macro   0x000207ee      0x2c8 ./Drivers/STM32H5xx_HAL_Driver/stm32h5xx_hal_rcc.o
 .debug_macro   0x00020ab6      0x28e ./Drivers/STM32H5xx_HAL_Driver/stm32h5xx_hal_tim.o
 .debug_macro   0x00020d44      0x28c ./Drivers/STM32H5xx_HAL_Driver/stm32h5xx_hal_tim_ex.o

.debug_line     0x00000000    0x10e6a
 .debug_line    0x00000000      0xd06 ./Core/Src/main.o
 .debug_line    0x00000d06      0xa1c ./Core/Src/stm32h5xx_hal_msp.o
 .debug_line    0x00001722      0x9e9 ./Core/Src/stm32h5xx_it.o
 .debug_line    0x0000210b      0xa80 ./Core/Src/system_stm32h5xx.o
 .debug_line    0x00002b8b       0x77 ./Core/Startup/startup_stm32h503cbux.o
 .debug_line    0x00002c02      0xf07 ./Drivers/STM32H5xx_HAL_Driver/stm32h5xx_hal.o
 .debug_line    0x00003b09     0x202a ./Drivers/STM32H5xx_HAL_Driver/stm32h5xx_hal_adc.o
 .debug_line    0x00005b33     0x181a ./Drivers/STM32H5xx_HAL_Driver/stm32h5xx_hal_adc_ex.o
 .debug_line    0x0000734d      0xfb6 ./Drivers/STM32H5xx_HAL_Driver/stm32h5xx_hal_cortex.o
 .debug_line    0x00008303      0xd42 ./Drivers/STM32H5xx_HAL_Driver/stm32h5xx_hal_gpio.o
 .debug_line    0x00009045      0xb7d ./Drivers/STM32H5xx_HAL_Driver/stm32h5xx_hal_icache.o
 .debug_line    0x00009bc2     0x13a1 ./Drivers/STM32H5xx_HAL_Driver/stm32h5xx_hal_rcc.o
 .debug_line    0x0000af63     0x3de2 ./Drivers/STM32H5xx_HAL_Driver/stm32h5xx_hal_tim.o
 .debug_line    0x0000ed45     0x2125 ./Drivers/STM32H5xx_HAL_Driver/stm32h5xx_hal_tim_ex.o

.debug_str      0x00000000    0xd9635
 .debug_str     0x00000000    0xd4cb9 ./Core/Src/main.o
                              0xd540a (size before relaxing)
 .debug_str     0x000d4cb9      0x58c ./Core/Src/stm32h5xx_hal_msp.o
                              0xd519c (size before relaxing)
 .debug_str     0x000d5245       0xec ./Core/Src/stm32h5xx_it.o
                              0xd4743 (size before relaxing)
 .debug_str     0x000d5331      0x1bd ./Core/Src/system_stm32h5xx.o
                              0xd451d (size before relaxing)
 .debug_str     0x000d54ee       0x44 ./Core/Startup/startup_stm32h503cbux.o
                                 0x8b (size before relaxing)
 .debug_str     0x000d5532      0x86f ./Drivers/STM32H5xx_HAL_Driver/stm32h5xx_hal.o
                              0xd50c7 (size before relaxing)
 .debug_str     0x000d5da1      0xc6e ./Drivers/STM32H5xx_HAL_Driver/stm32h5xx_hal_adc.o
                              0xd54b5 (size before relaxing)
 .debug_str     0x000d6a0f      0x5ea ./Drivers/STM32H5xx_HAL_Driver/stm32h5xx_hal_adc_ex.o
                              0xd5130 (size before relaxing)
 .debug_str     0x000d6ff9      0x408 ./Drivers/STM32H5xx_HAL_Driver/stm32h5xx_hal_cortex.o
                              0xd4e31 (size before relaxing)
 .debug_str     0x000d7401      0x2eb ./Drivers/STM32H5xx_HAL_Driver/stm32h5xx_hal_gpio.o
                              0xd4432 (size before relaxing)
 .debug_str     0x000d76ec      0x37a ./Drivers/STM32H5xx_HAL_Driver/stm32h5xx_hal_icache.o
                              0xd43e4 (size before relaxing)
 .debug_str     0x000d7a66      0x3c1 ./Drivers/STM32H5xx_HAL_Driver/stm32h5xx_hal_rcc.o
                              0xd4a94 (size before relaxing)
 .debug_str     0x000d7e27      0xed7 ./Drivers/STM32H5xx_HAL_Driver/stm32h5xx_hal_tim.o
                              0xd5880 (size before relaxing)
 .debug_str     0x000d8cfe      0x937 ./Drivers/STM32H5xx_HAL_Driver/stm32h5xx_hal_tim_ex.o
                              0xd54aa (size before relaxing)

.comment        0x00000000       0x43
 .comment       0x00000000       0x43 ./Core/Src/main.o
                                 0x44 (size before relaxing)
 .comment       0x00000043       0x44 ./Core/Src/stm32h5xx_hal_msp.o
 .comment       0x00000043       0x44 ./Core/Src/stm32h5xx_it.o
 .comment       0x00000043       0x44 ./Core/Src/system_stm32h5xx.o
 .comment       0x00000043       0x44 ./Drivers/STM32H5xx_HAL_Driver/stm32h5xx_hal.o
 .comment       0x00000043       0x44 ./Drivers/STM32H5xx_HAL_Driver/stm32h5xx_hal_adc.o
 .comment       0x00000043       0x44 ./Drivers/STM32H5xx_HAL_Driver/stm32h5xx_hal_adc_ex.o
 .comment       0x00000043       0x44 ./Drivers/STM32H5xx_HAL_Driver/stm32h5xx_hal_cortex.o
 .comment       0x00000043       0x44 ./Drivers/STM32H5xx_HAL_Driver/stm32h5xx_hal_gpio.o
 .comment       0x00000043       0x44 ./Drivers/STM32H5xx_HAL_Driver/stm32h5xx_hal_icache.o
 .comment       0x00000043       0x44 ./Drivers/STM32H5xx_HAL_Driver/stm32h5xx_hal_rcc.o
 .comment       0x00000043       0x44 ./Drivers/STM32H5xx_HAL_Driver/stm32h5xx_hal_tim.o
 .comment       0x00000043       0x44 ./Drivers/STM32H5xx_HAL_Driver/stm32h5xx_hal_tim_ex.o

.debug_frame    0x00000000     0x49b4
 .debug_frame   0x00000000      0x1b0 ./Core/Src/main.o
 .debug_frame   0x000001b0       0xec ./Core/Src/stm32h5xx_hal_msp.o
 .debug_frame   0x0000029c      0x120 ./Core/Src/stm32h5xx_it.o
 .debug_frame   0x000003bc       0x60 ./Core/Src/system_stm32h5xx.o
 .debug_frame   0x0000041c      0x66c ./Drivers/STM32H5xx_HAL_Driver/stm32h5xx_hal.o
 .debug_frame   0x00000a88      0xacc ./Drivers/STM32H5xx_HAL_Driver/stm32h5xx_hal_adc.o
 .debug_frame   0x00001554      0x754 ./Drivers/STM32H5xx_HAL_Driver/stm32h5xx_hal_adc_ex.o
 .debug_frame   0x00001ca8      0x560 ./Drivers/STM32H5xx_HAL_Driver/stm32h5xx_hal_cortex.o
 .debug_frame   0x00002208      0x1ec ./Drivers/STM32H5xx_HAL_Driver/stm32h5xx_hal_gpio.o
 .debug_frame   0x000023f4      0x248 ./Drivers/STM32H5xx_HAL_Driver/stm32h5xx_hal_icache.o
 .debug_frame   0x0000263c      0x264 ./Drivers/STM32H5xx_HAL_Driver/stm32h5xx_hal_rcc.o
 .debug_frame   0x000028a0     0x124c ./Drivers/STM32H5xx_HAL_Driver/stm32h5xx_hal_tim.o
 .debug_frame   0x00003aec      0xa68 ./Drivers/STM32H5xx_HAL_Driver/stm32h5xx_hal_tim_ex.o
 .debug_frame   0x00004554      0x144 /home/thugmek/Software/stm32cubeide_1.16.1/plugins/com.st.stm32cube.ide.mcu.externaltools.gnu-tools-for-stm32.12.3.rel1.linux64_1.0.200.202406132123/tools/bin/../lib/gcc/arm-none-eabi/12.3.1/../../../../arm-none-eabi/lib/thumb/v8-m.main+fp/hard/libc_nano.a(libc_a-findfp.o)
 .debug_frame   0x00004698       0x20 /home/thugmek/Software/stm32cubeide_1.16.1/plugins/com.st.stm32cube.ide.mcu.externaltools.gnu-tools-for-stm32.12.3.rel1.linux64_1.0.200.202406132123/tools/bin/../lib/gcc/arm-none-eabi/12.3.1/../../../../arm-none-eabi/lib/thumb/v8-m.main+fp/hard/libc_nano.a(libc_a-memset.o)
 .debug_frame   0x000046b8       0x20 /home/thugmek/Software/stm32cubeide_1.16.1/plugins/com.st.stm32cube.ide.mcu.externaltools.gnu-tools-for-stm32.12.3.rel1.linux64_1.0.200.202406132123/tools/bin/../lib/gcc/arm-none-eabi/12.3.1/../../../../arm-none-eabi/lib/thumb/v8-m.main+fp/hard/libc_nano.a(libc_a-errno.o)
 .debug_frame   0x000046d8       0x2c /home/thugmek/Software/stm32cubeide_1.16.1/plugins/com.st.stm32cube.ide.mcu.externaltools.gnu-tools-for-stm32.12.3.rel1.linux64_1.0.200.202406132123/tools/bin/../lib/gcc/arm-none-eabi/12.3.1/../../../../arm-none-eabi/lib/thumb/v8-m.main+fp/hard/libc_nano.a(libc_a-init.o)
 .debug_frame   0x00004704       0x4c /home/thugmek/Software/stm32cubeide_1.16.1/plugins/com.st.stm32cube.ide.mcu.externaltools.gnu-tools-for-stm32.12.3.rel1.linux64_1.0.200.202406132123/tools/bin/../lib/gcc/arm-none-eabi/12.3.1/../../../../arm-none-eabi/lib/thumb/v8-m.main+fp/hard/libm.a(libm_a-w_log.o)
 .debug_frame   0x00004750       0x20 /home/thugmek/Software/stm32cubeide_1.16.1/plugins/com.st.stm32cube.ide.mcu.externaltools.gnu-tools-for-stm32.12.3.rel1.linux64_1.0.200.202406132123/tools/bin/../lib/gcc/arm-none-eabi/12.3.1/../../../../arm-none-eabi/lib/thumb/v8-m.main+fp/hard/libm.a(libm_a-s_nan.o)
 .debug_frame   0x00004770       0x40 /home/thugmek/Software/stm32cubeide_1.16.1/plugins/com.st.stm32cube.ide.mcu.externaltools.gnu-tools-for-stm32.12.3.rel1.linux64_1.0.200.202406132123/tools/bin/../lib/gcc/arm-none-eabi/12.3.1/../../../../arm-none-eabi/lib/thumb/v8-m.main+fp/hard/libm.a(libm_a-e_log.o)
 .debug_frame   0x000047b0       0xac /home/thugmek/Software/stm32cubeide_1.16.1/plugins/com.st.stm32cube.ide.mcu.externaltools.gnu-tools-for-stm32.12.3.rel1.linux64_1.0.200.202406132123/tools/bin/../lib/gcc/arm-none-eabi/12.3.1/thumb/v8-m.main+fp/hard/libgcc.a(_arm_addsubdf3.o)
 .debug_frame   0x0000485c       0x50 /home/thugmek/Software/stm32cubeide_1.16.1/plugins/com.st.stm32cube.ide.mcu.externaltools.gnu-tools-for-stm32.12.3.rel1.linux64_1.0.200.202406132123/tools/bin/../lib/gcc/arm-none-eabi/12.3.1/thumb/v8-m.main+fp/hard/libgcc.a(_arm_muldivdf3.o)
 .debug_frame   0x000048ac       0xc4 /home/thugmek/Software/stm32cubeide_1.16.1/plugins/com.st.stm32cube.ide.mcu.externaltools.gnu-tools-for-stm32.12.3.rel1.linux64_1.0.200.202406132123/tools/bin/../lib/gcc/arm-none-eabi/12.3.1/thumb/v8-m.main+fp/hard/libgcc.a(_arm_cmpdf2.o)
 .debug_frame   0x00004970       0x20 /home/thugmek/Software/stm32cubeide_1.16.1/plugins/com.st.stm32cube.ide.mcu.externaltools.gnu-tools-for-stm32.12.3.rel1.linux64_1.0.200.202406132123/tools/bin/../lib/gcc/arm-none-eabi/12.3.1/thumb/v8-m.main+fp/hard/libgcc.a(_arm_unorddf2.o)
 .debug_frame   0x00004990       0x24 /home/thugmek/Software/stm32cubeide_1.16.1/plugins/com.st.stm32cube.ide.mcu.externaltools.gnu-tools-for-stm32.12.3.rel1.linux64_1.0.200.202406132123/tools/bin/../lib/gcc/arm-none-eabi/12.3.1/thumb/v8-m.main+fp/hard/libgcc.a(_arm_truncdfsf2.o)

.debug_line_str
                0x00000000       0x6f
 .debug_line_str
                0x00000000       0x6f ./Core/Startup/startup_stm32h503cbux.o
