Archive member included to satisfy reference by file (symbol)

/home/thugmek/Software/stm32cubeide_1.16.1/plugins/com.st.stm32cube.ide.mcu.externaltools.gnu-tools-for-stm32.12.3.rel1.linux64_1.0.200.202406132123/tools/bin/../lib/gcc/arm-none-eabi/12.3.1/../../../../arm-none-eabi/lib/thumb/v8-m.main+fp/hard/libc_nano.a(libc_a-exit.o)
                              /home/thugmek/Software/stm32cubeide_1.16.1/plugins/com.st.stm32cube.ide.mcu.externaltools.gnu-tools-for-stm32.12.3.rel1.linux64_1.0.200.202406132123/tools/bin/../lib/gcc/arm-none-eabi/12.3.1/../../../../arm-none-eabi/lib/thumb/v8-m.main+fp/hard/crt0.o (exit)
/home/thugmek/Software/stm32cubeide_1.16.1/plugins/com.st.stm32cube.ide.mcu.externaltools.gnu-tools-for-stm32.12.3.rel1.linux64_1.0.200.202406132123/tools/bin/../lib/gcc/arm-none-eabi/12.3.1/../../../../arm-none-eabi/lib/thumb/v8-m.main+fp/hard/libc_nano.a(libc_a-findfp.o)
                              /home/thugmek/Software/stm32cubeide_1.16.1/plugins/com.st.stm32cube.ide.mcu.externaltools.gnu-tools-for-stm32.12.3.rel1.linux64_1.0.200.202406132123/tools/bin/../lib/gcc/arm-none-eabi/12.3.1/../../../../arm-none-eabi/lib/thumb/v8-m.main+fp/hard/libc_nano.a(libc_a-exit.o) (__stdio_exit_handler)
/home/thugmek/Software/stm32cubeide_1.16.1/plugins/com.st.stm32cube.ide.mcu.externaltools.gnu-tools-for-stm32.12.3.rel1.linux64_1.0.200.202406132123/tools/bin/../lib/gcc/arm-none-eabi/12.3.1/../../../../arm-none-eabi/lib/thumb/v8-m.main+fp/hard/libc_nano.a(libc_a-fwalk.o)
                              /home/thugmek/Software/stm32cubeide_1.16.1/plugins/com.st.stm32cube.ide.mcu.externaltools.gnu-tools-for-stm32.12.3.rel1.linux64_1.0.200.202406132123/tools/bin/../lib/gcc/arm-none-eabi/12.3.1/../../../../arm-none-eabi/lib/thumb/v8-m.main+fp/hard/libc_nano.a(libc_a-findfp.o) (_fwalk_sglue)
/home/thugmek/Software/stm32cubeide_1.16.1/plugins/com.st.stm32cube.ide.mcu.externaltools.gnu-tools-for-stm32.12.3.rel1.linux64_1.0.200.202406132123/tools/bin/../lib/gcc/arm-none-eabi/12.3.1/../../../../arm-none-eabi/lib/thumb/v8-m.main+fp/hard/libc_nano.a(libc_a-stdio.o)
                              /home/thugmek/Software/stm32cubeide_1.16.1/plugins/com.st.stm32cube.ide.mcu.externaltools.gnu-tools-for-stm32.12.3.rel1.linux64_1.0.200.202406132123/tools/bin/../lib/gcc/arm-none-eabi/12.3.1/../../../../arm-none-eabi/lib/thumb/v8-m.main+fp/hard/libc_nano.a(libc_a-findfp.o) (__sread)
/home/thugmek/Software/stm32cubeide_1.16.1/plugins/com.st.stm32cube.ide.mcu.externaltools.gnu-tools-for-stm32.12.3.rel1.linux64_1.0.200.202406132123/tools/bin/../lib/gcc/arm-none-eabi/12.3.1/../../../../arm-none-eabi/lib/thumb/v8-m.main+fp/hard/libc_nano.a(libc_a-memset.o)
                              /home/thugmek/Software/stm32cubeide_1.16.1/plugins/com.st.stm32cube.ide.mcu.externaltools.gnu-tools-for-stm32.12.3.rel1.linux64_1.0.200.202406132123/tools/bin/../lib/gcc/arm-none-eabi/12.3.1/../../../../arm-none-eabi/lib/thumb/v8-m.main+fp/hard/crt0.o (memset)
/home/thugmek/Software/stm32cubeide_1.16.1/plugins/com.st.stm32cube.ide.mcu.externaltools.gnu-tools-for-stm32.12.3.rel1.linux64_1.0.200.202406132123/tools/bin/../lib/gcc/arm-none-eabi/12.3.1/../../../../arm-none-eabi/lib/thumb/v8-m.main+fp/hard/libc_nano.a(libc_a-closer.o)
                              /home/thugmek/Software/stm32cubeide_1.16.1/plugins/com.st.stm32cube.ide.mcu.externaltools.gnu-tools-for-stm32.12.3.rel1.linux64_1.0.200.202406132123/tools/bin/../lib/gcc/arm-none-eabi/12.3.1/../../../../arm-none-eabi/lib/thumb/v8-m.main+fp/hard/libc_nano.a(libc_a-stdio.o) (_close_r)
/home/thugmek/Software/stm32cubeide_1.16.1/plugins/com.st.stm32cube.ide.mcu.externaltools.gnu-tools-for-stm32.12.3.rel1.linux64_1.0.200.202406132123/tools/bin/../lib/gcc/arm-none-eabi/12.3.1/../../../../arm-none-eabi/lib/thumb/v8-m.main+fp/hard/libc_nano.a(libc_a-reent.o)
                              /home/thugmek/Software/stm32cubeide_1.16.1/plugins/com.st.stm32cube.ide.mcu.externaltools.gnu-tools-for-stm32.12.3.rel1.linux64_1.0.200.202406132123/tools/bin/../lib/gcc/arm-none-eabi/12.3.1/../../../../arm-none-eabi/lib/thumb/v8-m.main+fp/hard/libc_nano.a(libc_a-closer.o) (errno)
/home/thugmek/Software/stm32cubeide_1.16.1/plugins/com.st.stm32cube.ide.mcu.externaltools.gnu-tools-for-stm32.12.3.rel1.linux64_1.0.200.202406132123/tools/bin/../lib/gcc/arm-none-eabi/12.3.1/../../../../arm-none-eabi/lib/thumb/v8-m.main+fp/hard/libc_nano.a(libc_a-impure.o)
                              /home/thugmek/Software/stm32cubeide_1.16.1/plugins/com.st.stm32cube.ide.mcu.externaltools.gnu-tools-for-stm32.12.3.rel1.linux64_1.0.200.202406132123/tools/bin/../lib/gcc/arm-none-eabi/12.3.1/../../../../arm-none-eabi/lib/thumb/v8-m.main+fp/hard/libc_nano.a(libc_a-reent.o) (_impure_ptr)
[...]
Memory Configuration

Name             Origin             Length             Attributes
RAM              0x20000000         0x00008000         xrw
FLASH            0x08000000         0x00020000         xr
*default*        0x00000000         0xffffffff

Linker script and memory map

LOAD /home/thugmek/Software/stm32cubeide_1.16.1/plugins/com.st.stm32cube.ide.mcu.externaltools.gnu-tools-for-stm32.12.3.rel1.linux64_1.0.200.202406132123/tools/bin/../lib/gcc/arm-none-eabi/12.3.1/thumb/v8-m.main+fp/hard/crti.o
LOAD /home/thugmek/Software/stm32cubeide_1.16.1/plugins/com.st.stm32cube.ide.mcu.externaltools.gnu-tools-for-stm32.12.3.rel1.linux64_1.0.200.202406132123/tools/bin/../lib/gcc/arm-none-eabi/12.3.1/thumb/v8-m.main+fp/hard/crtbegin.o
LOAD /home/thugmek/Software/stm32cubeide_1.16.1/plugins/com.st.stm32cube.ide.mcu.externaltools.gnu-tools-for-stm32.12.3.rel1.linux64_1.0.200.202406132123/tools/bin/../lib/gcc/arm-none-eabi/12.3.1/../../../../arm-none-eabi/lib/thumb/v8-m.main+fp/hard/crt0.o
LOAD ./Core/Src/main.o
LOAD ./Core/Src/stm32h5xx_hal_msp.o
LOAD ./Core/Src/stm32h5xx_it.o
LOAD ./Core/Src/syscalls.o
LOAD ./Core/Src/sysmem.o
LOAD ./Core/Src/system_stm32h5xx.o
LOAD ./Core/Startup/startup_stm32h503cbux.o
LOAD ./Drivers/STM32H5xx_HAL_Driver/stm32h5xx_hal.o
LOAD ./Drivers/STM32H5xx_HAL_Driver/stm32h5xx_hal_cortex.o
LOAD ./Drivers/STM32H5xx_HAL_Driver/stm32h5xx_hal_dma.o
LOAD ./Drivers/STM32H5xx_HAL_Driver/stm32h5xx_hal_dma_ex.o
LOAD ./Drivers/STM32H5xx_HAL_Driver/stm32h5xx_hal_exti.o
LOAD ./Drivers/STM32H5xx_HAL_Driver/stm32h5xx_hal_flash.o
LOAD ./Drivers/STM32H5xx_HAL_Driver/stm32h5xx_hal_flash_ex.o
LOAD ./Drivers/STM32H5xx_HAL_Driver/stm32h5xx_hal_gpio.o
LOAD ./Drivers/STM32H5xx_HAL_Driver/stm32h5xx_hal_icache.o
LOAD ./Drivers/STM32H5xx_HAL_Driver/stm32h5xx_hal_pwr.o
LOAD ./Drivers/STM32H5xx_HAL_Driver/stm32h5xx_hal_pwr_ex.o
LOAD ./Drivers/STM32H5xx_HAL_Driver/stm32h5xx_hal_rcc.o
LOAD ./Drivers/STM32H5xx_HAL_Driver/stm32h5xx_hal_rcc_ex.o
LOAD ./Drivers/STM32H5xx_HAL_Driver/stm32h5xx_hal_tim.o
LOAD ./Drivers/STM32H5xx_HAL_Driver/stm32h5xx_hal_tim_ex.o
START GROUP
LOAD /home/thugmek/Software/stm32cubeide_1.16.1/plugins/com.st.stm32cube.ide.mcu.externaltools.gnu-tools-for-stm32.12.3.rel1.linux64_1.0.200.202406132123/tools/bin/../lib/gcc/arm-none-eabi/12.3.1/../../../../arm-none-eabi/lib/thumb/v8-m.main+fp/hard/libc_nano.a
LOAD /home/thugmek/Software/stm32cubeide_1.16.1/plugins/com.st.stm32cube.ide.mcu.externaltools.gnu-tools-for-stm32.12.3.rel1.linux64_1.0.200.202406132123/tools/bin/../lib/gcc/arm-none-eabi/12.3.1/../../../../arm-none-eabi/lib/thumb/v8-m.main+fp/hard/libm.a
END GROUP
START GROUP
LOAD /home/thugmek/Software/stm32cubeide_1.16.1/plugins/com.st.stm32cube.ide.mcu.externaltools.gnu-tools-for-stm32.12.3.rel1.linux64_1.0.200.202406132123/tools/bin/../lib/gcc/arm-none-eabi/12.3.1/thumb/v8-m.main+fp/hard/libgcc.a
LOAD /home/thugmek/Software/stm32cubeide_1.16.1/plugins/com.st.stm32cube.ide.mcu.externaltools.gnu-tools-for-stm32.12.3.rel1.linux64_1.0.200.202406132123/tools/bin/../lib/gcc/arm-none-eabi/12.3.1/../../../../arm-none-eabi/lib/thumb/v8-m.main+fp/hard/libc_nano.a
END GROUP
START GROUP
LOAD /home/thugmek/Software/stm32cubeide_1.16.1/plugins/com.st.stm32cube.ide.mcu.externaltools.gnu-tools-for-stm32.12.3.rel1.linux64_1.0.200.202406132123/tools/bin/../lib/gcc/arm-none-eabi/12.3.1/thumb/v8-m.main+fp/hard/libgcc.a
LOAD /home/thugmek/Software/stm32cubeide_1.16.1/plugins/com.st.stm32cube.ide.mcu.externaltools.gnu-tools-for-stm32.12.3.rel1.linux64_1.0.200.202406132123/tools/bin/../lib/gcc/arm-none-eabi/12.3.1/../../../../arm-none-eabi/lib/thumb/v8-m.main+fp/hard/libc_nano.a
LOAD /home/thugmek/Software/stm32cubeide_1.16.1/plugins/com.st.stm32cube.ide.mcu.externaltools.gnu-tools-for-stm32.12.3.rel1.linux64_1.0.200.202406132123/tools/bin/../lib/gcc/arm-none-eabi/12.3.1/../../../../arm-none-eabi/lib/thumb/v8-m.main+fp/hard/libnosys.a
END GROUP
START GROUP
LOAD /home/thugmek/Software/stm32cubeide_1.16.1/plugins/com.st.stm32cube.ide.mcu.externaltools.gnu-tools-for-stm32.12.3.rel1.linux64_1.0.200.202406132123/tools/bin/../lib/gcc/arm-none-eabi/12.3.1/thumb/v8-m.main+fp/hard/libgcc.a
LOAD /home/thugmek/Software/stm32cubeide_1.16.1/plugins/com.st.stm32cube.ide.mcu.externaltools.gnu-tools-for-stm32.12.3.rel1.linux64_1.0.200.202406132123/tools/bin/../lib/gcc/arm-none-eabi/12.3.1/../../../../arm-none-eabi/lib/thumb/v8-m.main+fp/hard/libc_nano.a
LOAD /home/thugmek/Software/stm32cubeide_1.16.1/plugins/com.st.stm32cube.ide.mcu.externaltools.gnu-tools-for-stm32.12.3.rel1.linux64_1.0.200.202406132123/tools/bin/../lib/gcc/arm-none-eabi/12.3.1/../../../../arm-none-eabi/lib/thumb/v8-m.main+fp/hard/libnosys.a
END GROUP
LOAD /home/thugmek/Software/stm32cubeide_1.16.1/plugins/com.st.stm32cube.ide.mcu.externaltools.gnu-tools-for-stm32.12.3.rel1.linux64_1.0.200.202406132123/tools/bin/../lib/gcc/arm-none-eabi/12.3.1/thumb/v8-m.main+fp/hard/crtend.o
LOAD /home/thugmek/Software/stm32cubeide_1.16.1/plugins/com.st.stm32cube.ide.mcu.externaltools.gnu-tools-for-stm32.12.3.rel1.linux64_1.0.200.202406132123/tools/bin/../lib/gcc/arm-none-eabi/12.3.1/thumb/v8-m.main+fp/hard/crtn.o
                0x20008000                        _estack = (ORIGIN (RAM) + LENGTH (RAM))
                0x00000200                        _Min_Heap_Size = 0x200
                0x00000400                        _Min_Stack_Size = 0x400

.isr_vector     0x08000000      0x258
                0x08000000                        . = ALIGN (0x4)
 *(.isr_vector)
 .isr_vector    0x08000000      0x258 ./Core/Startup/startup_stm32h503cbux.o
                0x08000000                g_pfnVectors
                0x08000258                        . = ALIGN (0x4)

.text           0x08000258     0x2e64
                0x08000258                        . = ALIGN (0x4)
 *(.text)
 .text          0x08000258       0x40 /home/thugmek/Software/stm32cubeide_1.16.1/plugins/com.st.stm32cube.ide.mcu.externaltools.gnu-tools-for-stm32.12.3.rel1.linux64_1.0.200.202406132123/tools/bin/../lib/gcc/arm-none-eabi/12.3.1/thumb/v8-m.main+fp/hard/crtbegin.o
 *(.text*)
 .text.main     0x08000298      0x144 ./Core/Src/main.o
                0x08000298                main
 .text.SystemClock_Config
                0x080003dc       0xc0 ./Core/Src/main.o
                0x080003dc                SystemClock_Config
 .text.MX_ICACHE_Init
                0x0800049c       0x16 ./Core/Src/main.o
 *fill*         0x080004b2        0x2 
 .text.MX_TIM2_Init
                0x080004b4      0x130 ./Core/Src/main.o
 .text.MX_TIM3_Init
                0x080005e4      0x11c ./Core/Src/main.o
 .text.MX_GPIO_Init
                0x08000700       0xc4 ./Core/Src/main.o
 .text.set_wbgr_strip_color
                0x080007c4       0x90 ./Core/Src/main.o
                0x080007c4                set_wbgr_strip_color
 .text.Error_Handler
                0x08000854        0xc ./Core/Src/main.o
                0x08000854                Error_Handler
 .text.HAL_MspInit
                0x08000860        0xe ./Core/Src/stm32h5xx_hal_msp.o
                0x08000860                HAL_MspInit
 *fill*         0x0800086e        0x2 
 .text.HAL_TIM_Base_MspInit
                0x08000870       0x70 ./Core/Src/stm32h5xx_hal_msp.o
                0x08000870                HAL_TIM_Base_MspInit
 .text.HAL_TIM_MspPostInit
                0x080008e0       0xc0 ./Core/Src/stm32h5xx_hal_msp.o
                0x080008e0                HAL_TIM_MspPostInit
 .text.NMI_Handler
                0x080009a0        0x8 ./Core/Src/stm32h5xx_it.o
                0x080009a0                NMI_Handler
 .text.HardFault_Handler
                0x080009a8        0x8 ./Core/Src/stm32h5xx_it.o
                0x080009a8                HardFault_Handler
 .text.MemManage_Handler
                0x080009b0        0x8 ./Core/Src/stm32h5xx_it.o
                0x080009b0                MemManage_Handler
 .text.BusFault_Handler
                0x080009b8        0x8 ./Core/Src/stm32h5xx_it.o
                0x080009b8                BusFault_Handler
 .text.UsageFault_Handler
                0x080009c0        0x8 ./Core/Src/stm32h5xx_it.o
                0x080009c0                UsageFault_Handler
 .text.SVC_Handler
                0x080009c8        0xe ./Core/Src/stm32h5xx_it.o
                0x080009c8                SVC_Handler
 .text.DebugMon_Handler
                0x080009d6        0xe ./Core/Src/stm32h5xx_it.o
                0x080009d6                DebugMon_Handler
 .text.PendSV_Handler
                0x080009e4        0xe ./Core/Src/stm32h5xx_it.o
                0x080009e4                PendSV_Handler
 .text.SysTick_Handler
                0x080009f2        0xc ./Core/Src/stm32h5xx_it.o
                0x080009f2                SysTick_Handler
 *fill*         0x080009fe        0x2 
 .text.SystemInit
                0x08000a00       0xe4 ./Core/Src/system_stm32h5xx.o
                0x08000a00                SystemInit
 .text.Reset_Handler
                0x08000ae4       0x50 ./Core/Startup/startup_stm32h503cbux.o
                0x08000ae4                Reset_Handler
 .text.Default_Handler
                0x08000b34        0x2 ./Core/Startup/startup_stm32h503cbux.o
                0x08000b34                EXTI2_IRQHandler
                0x08000b34                EXTI5_IRQHandler
                0x08000b34                I3C1_ER_IRQHandler
                0x08000b34                GPDMA2_Channel1_IRQHandler
                0x08000b34                EXTI13_IRQHandler
                0x08000b34                TIM1_CC_IRQHandler
                0x08000b34                GPDMA2_Channel3_IRQHandler
                0x08000b34                TAMP_IRQHandler
                0x08000b34                TIM6_IRQHandler
                0x08000b34                EXTI12_IRQHandler
                0x08000b34                USB_DRD_FS_IRQHandler
                0x08000b34                EXTI3_IRQHandler
                0x08000b34                GPDMA1_Channel5_IRQHandler
                0x08000b34                EXTI8_IRQHandler
                0x08000b34                GPDMA2_Channel5_IRQHandler
                0x08000b34                LPTIM2_IRQHandler
                0x08000b34                GPDMA2_Channel2_IRQHandler
                0x08000b34                EXTI0_IRQHandler
                0x08000b34                I2C2_EV_IRQHandler
                0x08000b34                FPU_IRQHandler
                0x08000b34                GPDMA1_Channel3_IRQHandler
                0x08000b34                GPDMA1_Channel7_IRQHandler
                0x08000b34                FDCAN1_IT1_IRQHandler
                0x08000b34                RAMCFG_IRQHandler
                0x08000b34                SPI1_IRQHandler
                0x08000b34                GPDMA1_Channel2_IRQHandler
                0x08000b34                ADC1_IRQHandler
                0x08000b34                I3C2_ER_IRQHandler
                0x08000b34                EXTI15_IRQHandler
                0x08000b34                USART3_IRQHandler
                0x08000b34                RTC_IRQHandler
                0x08000b34                EXTI9_IRQHandler
                0x08000b34                I3C2_EV_IRQHandler
                0x08000b34                I2C1_EV_IRQHandler
                0x08000b34                GPDMA1_Channel1_IRQHandler
                0x08000b34                TIM3_IRQHandler
                0x08000b34                RCC_IRQHandler
                0x08000b34                TIM1_TRG_COM_IRQHandler
                0x08000b34                Default_Handler
                0x08000b34                GPDMA2_Channel4_IRQHandler
                0x08000b34                TIM7_IRQHandler
                0x08000b34                GPDMA1_Channel0_IRQHandler
                0x08000b34                I3C1_EV_IRQHandler
                0x08000b34                PVD_AVD_IRQHandler
                0x08000b34                SPI2_IRQHandler
                0x08000b34                EXTI14_IRQHandler
                0x08000b34                EXTI11_IRQHandler
                0x08000b34                CRS_IRQHandler
                0x08000b34                EXTI4_IRQHandler
                0x08000b34                GPDMA2_Channel0_IRQHandler
                0x08000b34                RNG_IRQHandler
                0x08000b34                GPDMA2_Channel6_IRQHandler
                0x08000b34                TIM1_UP_IRQHandler
                0x08000b34                WWDG_IRQHandler
                0x08000b34                IWDG_IRQHandler
                0x08000b34                LPUART1_IRQHandler
                0x08000b34                FDCAN1_IT0_IRQHandler
                0x08000b34                TIM2_IRQHandler
                0x08000b34                GPDMA1_Channel4_IRQHandler
                0x08000b34                EXTI7_IRQHandler
                0x08000b34                TIM1_BRK_IRQHandler
                0x08000b34                EXTI1_IRQHandler
                0x08000b34                DAC1_IRQHandler
                0x08000b34                DTS_IRQHandler
                0x08000b34                GTZC_IRQHandler
                0x08000b34                USART2_IRQHandler
                0x08000b34                GPDMA1_Channel6_IRQHandler
                0x08000b34                GPDMA2_Channel7_IRQHandler
                0x08000b34                I2C2_ER_IRQHandler
                0x08000b34                FLASH_IRQHandler
                0x08000b34                USART1_IRQHandler
                0x08000b34                EXTI10_IRQHandler
                0x08000b34                SPI3_IRQHandler
                0x08000b34                I2C1_ER_IRQHandler
                0x08000b34                EXTI6_IRQHandler
                0x08000b34                COMP1_IRQHandler
                0x08000b34                LPTIM1_IRQHandler
                0x08000b34                ICACHE_IRQHandler
                0x08000b34                HASH_IRQHandler
 *fill*         0x08000b36        0x2 
 .text.HAL_Init
                0x08000b38       0x50 ./Drivers/STM32H5xx_HAL_Driver/stm32h5xx_hal.o
                0x08000b38                HAL_Init
 .text.HAL_InitTick
                0x08000b88       0xec ./Drivers/STM32H5xx_HAL_Driver/stm32h5xx_hal.o
                0x08000b88                HAL_InitTick
 .text.HAL_IncTick
                0x08000c74       0x28 ./Drivers/STM32H5xx_HAL_Driver/stm32h5xx_hal.o
                0x08000c74                HAL_IncTick
 .text.HAL_GetTick
                0x08000c9c       0x18 ./Drivers/STM32H5xx_HAL_Driver/stm32h5xx_hal.o
                0x08000c9c                HAL_GetTick
 .text.HAL_Delay
                0x08000cb4       0x48 ./Drivers/STM32H5xx_HAL_Driver/stm32h5xx_hal.o
                0x08000cb4                HAL_Delay
 .text.__NVIC_SetPriorityGrouping
                0x08000cfc       0x48 ./Drivers/STM32H5xx_HAL_Driver/stm32h5xx_hal_cortex.o
 .text.__NVIC_GetPriorityGrouping
                0x08000d44       0x1c ./Drivers/STM32H5xx_HAL_Driver/stm32h5xx_hal_cortex.o
 .text.__NVIC_SetPriority
                0x08000d60       0x54 ./Drivers/STM32H5xx_HAL_Driver/stm32h5xx_hal_cortex.o
 .text.NVIC_EncodePriority
                0x08000db4       0x66 ./Drivers/STM32H5xx_HAL_Driver/stm32h5xx_hal_cortex.o
 .text.HAL_NVIC_SetPriorityGrouping
                0x08000e1a       0x16 ./Drivers/STM32H5xx_HAL_Driver/stm32h5xx_hal_cortex.o
                0x08000e1a                HAL_NVIC_SetPriorityGrouping
 .text.HAL_NVIC_SetPriority
                0x08000e30       0x34 ./Drivers/STM32H5xx_HAL_Driver/stm32h5xx_hal_cortex.o
                0x08000e30                HAL_NVIC_SetPriority
 .text.HAL_SYSTICK_Config
                0x08000e64       0x44 ./Drivers/STM32H5xx_HAL_Driver/stm32h5xx_hal_cortex.o
                0x08000e64                HAL_SYSTICK_Config
 .text.HAL_SYSTICK_CLKSourceConfig
                0x08000ea8       0xb0 ./Drivers/STM32H5xx_HAL_Driver/stm32h5xx_hal_cortex.o
                0x08000ea8                HAL_SYSTICK_CLKSourceConfig
 .text.HAL_SYSTICK_GetCLKSourceConfig
                0x08000f58       0x6c ./Drivers/STM32H5xx_HAL_Driver/stm32h5xx_hal_cortex.o
                0x08000f58                HAL_SYSTICK_GetCLKSourceConfig
 .text.HAL_GPIO_Init
                0x08000fc4      0x2a4 ./Drivers/STM32H5xx_HAL_Driver/stm32h5xx_hal_gpio.o
                0x08000fc4                HAL_GPIO_Init
 .text.HAL_GPIO_WritePin
                0x08001268       0x30 ./Drivers/STM32H5xx_HAL_Driver/stm32h5xx_hal_gpio.o
                0x08001268                HAL_GPIO_WritePin
 .text.HAL_ICACHE_Enable
                0x08001298       0x20 ./Drivers/STM32H5xx_HAL_Driver/stm32h5xx_hal_icache.o
                0x08001298                HAL_ICACHE_Enable
 .text.HAL_RCC_OscConfig
                0x080012b8      0x870 ./Drivers/STM32H5xx_HAL_Driver/stm32h5xx_hal_rcc.o
                0x080012b8                HAL_RCC_OscConfig
 .text.HAL_RCC_ClockConfig
                0x08001b28      0x370 ./Drivers/STM32H5xx_HAL_Driver/stm32h5xx_hal_rcc.o
                0x08001b28                HAL_RCC_ClockConfig
 .text.HAL_RCC_GetSysClockFreq
                0x08001e98      0x258 ./Drivers/STM32H5xx_HAL_Driver/stm32h5xx_hal_rcc.o
                0x08001e98                HAL_RCC_GetSysClockFreq
 .text.HAL_RCC_GetHCLKFreq
                0x080020f0       0x38 ./Drivers/STM32H5xx_HAL_Driver/stm32h5xx_hal_rcc.o
                0x080020f0                HAL_RCC_GetHCLKFreq
 .text.HAL_TIM_Base_Init
                0x08002128       0xae ./Drivers/STM32H5xx_HAL_Driver/stm32h5xx_hal_tim.o
                0x08002128                HAL_TIM_Base_Init
 .text.HAL_TIM_PWM_Init
                0x080021d6       0xae ./Drivers/STM32H5xx_HAL_Driver/stm32h5xx_hal_tim.o
                0x080021d6                HAL_TIM_PWM_Init
 .text.HAL_TIM_PWM_MspInit
                0x08002284       0x14 ./Drivers/STM32H5xx_HAL_Driver/stm32h5xx_hal_tim.o
                0x08002284                HAL_TIM_PWM_MspInit
 .text.HAL_TIM_PWM_Start
                0x08002298      0x19c ./Drivers/STM32H5xx_HAL_Driver/stm32h5xx_hal_tim.o
                0x08002298                HAL_TIM_PWM_Start
 .text.HAL_TIM_PWM_ConfigChannel
                0x08002434      0x228 ./Drivers/STM32H5xx_HAL_Driver/stm32h5xx_hal_tim.o
                0x08002434                HAL_TIM_PWM_ConfigChannel
 .text.HAL_TIM_ConfigClockSource
                0x0800265c      0x23c ./Drivers/STM32H5xx_HAL_Driver/stm32h5xx_hal_tim.o
                0x0800265c                HAL_TIM_ConfigClockSource
 .text.TIM_Base_SetConfig
                0x08002898       0xcc ./Drivers/STM32H5xx_HAL_Driver/stm32h5xx_hal_tim.o
                0x08002898                TIM_Base_SetConfig
 .text.TIM_OC1_SetConfig
                0x08002964       0xd0 ./Drivers/STM32H5xx_HAL_Driver/stm32h5xx_hal_tim.o
 .text.TIM_OC2_SetConfig
                0x08002a34       0xdc ./Drivers/STM32H5xx_HAL_Driver/stm32h5xx_hal_tim.o
                0x08002a34                TIM_OC2_SetConfig
 .text.TIM_OC3_SetConfig
                0x08002b10       0xd8 ./Drivers/STM32H5xx_HAL_Driver/stm32h5xx_hal_tim.o
 .text.TIM_OC4_SetConfig
                0x08002be8       0xdc ./Drivers/STM32H5xx_HAL_Driver/stm32h5xx_hal_tim.o
 .text.TIM_OC5_SetConfig
                0x08002cc4       0x98 ./Drivers/STM32H5xx_HAL_Driver/stm32h5xx_hal_tim.o
 .text.TIM_OC6_SetConfig
                0x08002d5c       0x9c ./Drivers/STM32H5xx_HAL_Driver/stm32h5xx_hal_tim.o
 .text.TIM_TI1_ConfigInputStage
                0x08002df8       0x5e ./Drivers/STM32H5xx_HAL_Driver/stm32h5xx_hal_tim.o
 .text.TIM_TI2_ConfigInputStage
                0x08002e56       0x60 ./Drivers/STM32H5xx_HAL_Driver/stm32h5xx_hal_tim.o
 .text.TIM_ITRx_SetConfig
                0x08002eb6       0x3a ./Drivers/STM32H5xx_HAL_Driver/stm32h5xx_hal_tim.o
 .text.TIM_ETR_SetConfig
                0x08002ef0       0x40 ./Drivers/STM32H5xx_HAL_Driver/stm32h5xx_hal_tim.o
                0x08002ef0                TIM_ETR_SetConfig
 .text.TIM_CCxChannelCmd
                0x08002f30       0x4a ./Drivers/STM32H5xx_HAL_Driver/stm32h5xx_hal_tim.o
                0x08002f30                TIM_CCxChannelCmd
 *fill*         0x08002f7a        0x2 
 .text.HAL_TIMEx_MasterConfigSynchronization
                0x08002f7c       0xd0 ./Drivers/STM32H5xx_HAL_Driver/stm32h5xx_hal_tim_ex.o
                0x08002f7c                HAL_TIMEx_MasterConfigSynchronization
 .text.memset   0x0800304c       0x10 /home/thugmek/Software/stm32cubeide_1.16.1/plugins/com.st.stm32cube.ide.mcu.externaltools.gnu-tools-for-stm32.12.3.rel1.linux64_1.0.200.202406132123/tools/bin/../lib/gcc/arm-none-eabi/12.3.1/../../../../arm-none-eabi/lib/thumb/v8-m.main+fp/hard/libc_nano.a(libc_a-memset.o)
                0x0800304c                memset
 .text.__libc_init_array
                0x0800305c       0x48 /home/thugmek/Software/stm32cubeide_1.16.1/plugins/com.st.stm32cube.ide.mcu.externaltools.gnu-tools-for-stm32.12.3.rel1.linux64_1.0.200.202406132123/tools/bin/../lib/gcc/arm-none-eabi/12.3.1/../../../../arm-none-eabi/lib/thumb/v8-m.main+fp/hard/libc_nano.a(libc_a-init.o)
                0x0800305c                __libc_init_array
 *(.glue_7)
 .glue_7        0x080030a4        0x0 linker stubs
 *(.glue_7t)
 .glue_7t       0x080030a4        0x0 linker stubs
 *(.eh_frame)
 .eh_frame      0x080030a4        0x0 /home/thugmek/Software/stm32cubeide_1.16.1/plugins/com.st.stm32cube.ide.mcu.externaltools.gnu-tools-for-stm32.12.3.rel1.linux64_1.0.200.202406132123/tools/bin/../lib/gcc/arm-none-eabi/12.3.1/thumb/v8-m.main+fp/hard/crtbegin.o
 *(.init)
 .init          0x080030a4        0x4 /home/thugmek/Software/stm32cubeide_1.16.1/plugins/com.st.stm32cube.ide.mcu.externaltools.gnu-tools-for-stm32.12.3.rel1.linux64_1.0.200.202406132123/tools/bin/../lib/gcc/arm-none-eabi/12.3.1/thumb/v8-m.main+fp/hard/crti.o
                0x080030a4                _init
 .init          0x080030a8        0x8 /home/thugmek/Software/stm32cubeide_1.16.1/plugins/com.st.stm32cube.ide.mcu.externaltools.gnu-tools-for-stm32.12.3.rel1.linux64_1.0.200.202406132123/tools/bin/../lib/gcc/arm-none-eabi/12.3.1/thumb/v8-m.main+fp/hard/crtn.o
 *(.fini)
 .fini          0x080030b0        0x4 /home/thugmek/Software/stm32cubeide_1.16.1/plugins/com.st.stm32cube.ide.mcu.externaltools.gnu-tools-for-stm32.12.3.rel1.linux64_1.0.200.202406132123/tools/bin/../lib/gcc/arm-none-eabi/12.3.1/thumb/v8-m.main+fp/hard/crti.o
                0x080030b0                _fini
 .fini          0x080030b4        0x8 /home/thugmek/Software/stm32cubeide_1.16.1/plugins/com.st.stm32cube.ide.mcu.externaltools.gnu-tools-for-stm32.12.3.rel1.linux64_1.0.200.202406132123/tools/bin/../lib/gcc/arm-none-eabi/12.3.1/thumb/v8-m.main+fp/hard/crtn.o
                0x080030bc                        . = ALIGN (0x4)
                0x080030bc                        _etext = .

.vfp11_veneer   0x080030bc        0x0
 .vfp11_veneer  0x080030bc        0x0 linker stubs

.v4_bx          0x080030bc        0x0
 .v4_bx         0x080030bc        0x0 linker stubs

.iplt           0x080030bc        0x0
 .iplt          0x080030bc        0x0 /home/thugmek/Software/stm32cubeide_1.16.1/plugins/com.st.stm32cube.ide.mcu.externaltools.gnu-tools-for-stm32.12.3.rel1.linux64_1.0.200.202406132123/tools/bin/../lib/gcc/arm-none-eabi/12.3.1/thumb/v8-m.main+fp/hard/crtbegin.o

.rodata         0x080030bc       0x30
                0x080030bc                        . = ALIGN (0x4)
 *(.rodata)
 .rodata        0x080030bc       0x20 ./Core/Src/main.o
 *(.rodata*)
 .rodata.AHBPrescTable
                0x080030dc       0x10 ./Core/Src/system_stm32h5xx.o
                0x080030dc                AHBPrescTable
                0x080030ec                        . = ALIGN (0x4)

.ARM.extab      0x080030ec        0x0
                0x080030ec                        . = ALIGN (0x4)
 *(.ARM.extab* .gnu.linkonce.armextab.*)
                0x080030ec                        . = ALIGN (0x4)

.ARM            0x080030ec        0x0
                0x080030ec                        . = ALIGN (0x4)
                0x080030ec                        __exidx_start = .
 *(.ARM.exidx*)
                0x080030ec                        __exidx_end = .
                0x080030ec                        . = ALIGN (0x4)

.preinit_array  0x080030ec        0x0
                0x080030ec                        . = ALIGN (0x4)
                0x080030ec                        PROVIDE (__preinit_array_start = .)
 *(.preinit_array*)
                0x080030ec                        PROVIDE (__preinit_array_end = .)
                0x080030ec                        . = ALIGN (0x4)

.init_array     0x080030ec        0x4
                0x080030ec                        . = ALIGN (0x4)
                0x080030ec                        PROVIDE (__init_array_start = .)
 *(SORT_BY_NAME(.init_array.*))
 *(.init_array*)
 .init_array    0x080030ec        0x4 /home/thugmek/Software/stm32cubeide_1.16.1/plugins/com.st.stm32cube.ide.mcu.externaltools.gnu-tools-for-stm32.12.3.rel1.linux64_1.0.200.202406132123/tools/bin/../lib/gcc/arm-none-eabi/12.3.1/thumb/v8-m.main+fp/hard/crtbegin.o
                0x080030f0                        PROVIDE (__init_array_end = .)
                0x080030f0                        . = ALIGN (0x4)

.fini_array     0x080030f0        0x4
                0x080030f0                        . = ALIGN (0x4)
                [!provide]                        PROVIDE (__fini_array_start = .)
 *(SORT_BY_NAME(.fini_array.*))
 *(.fini_array*)
 .fini_array    0x080030f0        0x4 /home/thugmek/Software/stm32cubeide_1.16.1/plugins/com.st.stm32cube.ide.mcu.externaltools.gnu-tools-for-stm32.12.3.rel1.linux64_1.0.200.202406132123/tools/bin/../lib/gcc/arm-none-eabi/12.3.1/thumb/v8-m.main+fp/hard/crtbegin.o
                [!provide]                        PROVIDE (__fini_array_end = .)
                0x080030f4                        . = ALIGN (0x4)
                0x080030f4                        _sidata = LOADADDR (.data)

.rel.dyn        0x080030f4        0x0
 .rel.iplt      0x080030f4        0x0 /home/thugmek/Software/stm32cubeide_1.16.1/plugins/com.st.stm32cube.ide.mcu.externaltools.gnu-tools-for-stm32.12.3.rel1.linux64_1.0.200.202406132123/tools/bin/../lib/gcc/arm-none-eabi/12.3.1/thumb/v8-m.main+fp/hard/crtbegin.o

.data           0x20000000        0xc load address 0x080030f4
                0x20000000                        . = ALIGN (0x4)
                0x20000000                        _sdata = .
 *(.data)
 *(.data*)
 .data.SystemCoreClock
                0x20000000        0x4 ./Core/Src/system_stm32h5xx.o
                0x20000000                SystemCoreClock
 .data.uwTickPrio
                0x20000004        0x4 ./Drivers/STM32H5xx_HAL_Driver/stm32h5xx_hal.o
                0x20000004                uwTickPrio
 .data.uwTickFreq
                0x20000008        0x1 ./Drivers/STM32H5xx_HAL_Driver/stm32h5xx_hal.o
                0x20000008                uwTickFreq
 *(.RamFunc)
 *(.RamFunc*)
                0x2000000c                        . = ALIGN (0x4)
 *fill*         0x20000009        0x3 
                0x2000000c                        _edata = .

.igot.plt       0x2000000c        0x0 load address 0x08003100
 .igot.plt      0x2000000c        0x0 /home/thugmek/Software/stm32cubeide_1.16.1/plugins/com.st.stm32cube.ide.mcu.externaltools.gnu-tools-for-stm32.12.3.rel1.linux64_1.0.200.202406132123/tools/bin/../lib/gcc/arm-none-eabi/12.3.1/thumb/v8-m.main+fp/hard/crtbegin.o
                0x2000000c                        . = ALIGN (0x4)

.bss            0x2000000c       0xb8 load address 0x08003100
                0x2000000c                        _sbss = .
                0x2000000c                        __bss_start__ = _sbss
 *(.bss)
 .bss           0x2000000c       0x1c /home/thugmek/Software/stm32cubeide_1.16.1/plugins/com.st.stm32cube.ide.mcu.externaltools.gnu-tools-for-stm32.12.3.rel1.linux64_1.0.200.202406132123/tools/bin/../lib/gcc/arm-none-eabi/12.3.1/thumb/v8-m.main+fp/hard/crtbegin.o
 *(.bss*)
 .bss.htim2     0x20000028       0x4c ./Core/Src/main.o
                0x20000028                htim2
 .bss.htim3     0x20000074       0x4c ./Core/Src/main.o
                0x20000074                htim3
 .bss.uwTick    0x200000c0        0x4 ./Drivers/STM32H5xx_HAL_Driver/stm32h5xx_hal.o
                0x200000c0                uwTick
 *(COMMON)
                0x200000c4                        . = ALIGN (0x4)
                0x200000c4                        _ebss = .
                0x200000c4                        __bss_end__ = _ebss

._user_heap_stack
                0x200000c4      0x604 load address 0x08003100
                0x200000c8                        . = ALIGN (0x8)
 *fill*         0x200000c4        0x4 
                [!provide]                        PROVIDE (end = .)
                0x200000c8                        PROVIDE (_end = .)
                0x200002c8                        . = (. + _Min_Heap_Size)
 *fill*         0x200000c8      0x200 
                0x200006c8                        . = (. + _Min_Stack_Size)
 *fill*         0x200002c8      0x400 
                0x200006c8                        . = ALIGN (0x8)

/DISCARD/
 libc.a(*)
 libm.a(*)
 libgcc.a(*)

.ARM.attributes
                0x00000000       0x36
 *(.ARM.attributes)
 .ARM.attributes
                0x00000000       0x26 /home/thugmek/Software/stm32cubeide_1.16.1/plugins/com.st.stm32cube.ide.mcu.externaltools.gnu-tools-for-stm32.12.3.rel1.linux64_1.0.200.202406132123/tools/bin/../lib/gcc/arm-none-eabi/12.3.1/thumb/v8-m.main+fp/hard/crti.o
 .ARM.attributes
                0x00000026       0x38 /home/thugmek/Software/stm32cubeide_1.16.1/plugins/com.st.stm32cube.ide.mcu.externaltools.gnu-tools-for-stm32.12.3.rel1.linux64_1.0.200.202406132123/tools/bin/../lib/gcc/arm-none-eabi/12.3.1/thumb/v8-m.main+fp/hard/crtbegin.o
 .ARM.attributes
                0x0000005e       0x3a ./Core/Src/main.o
 .ARM.attributes
                0x00000098       0x3a ./Core/Src/stm32h5xx_hal_msp.o
 .ARM.attributes
                0x000000d2       0x3a ./Core/Src/stm32h5xx_it.o
 .ARM.attributes
                0x0000010c       0x3a ./Core/Src/system_stm32h5xx.o
 .ARM.attributes
                0x00000146       0x24 ./Core/Startup/startup_stm32h503cbux.o
 .ARM.attributes
                0x0000016a       0x3a ./Drivers/STM32H5xx_HAL_Driver/stm32h5xx_hal.o
 .ARM.attributes
                0x000001a4       0x3a ./Drivers/STM32H5xx_HAL_Driver/stm32h5xx_hal_cortex.o
 .ARM.attributes
                0x000001de       0x3a ./Drivers/STM32H5xx_HAL_Driver/stm32h5xx_hal_gpio.o
 .ARM.attributes
                0x00000218       0x3a ./Drivers/STM32H5xx_HAL_Driver/stm32h5xx_hal_icache.o
 .ARM.attributes
                0x00000252       0x3a ./Drivers/STM32H5xx_HAL_Driver/stm32h5xx_hal_rcc.o
 .ARM.attributes
                0x0000028c       0x3a ./Drivers/STM32H5xx_HAL_Driver/stm32h5xx_hal_tim.o
 .ARM.attributes
                0x000002c6       0x3a ./Drivers/STM32H5xx_HAL_Driver/stm32h5xx_hal_tim_ex.o
 .ARM.attributes
                0x00000300       0x38 /home/thugmek/Software/stm32cubeide_1.16.1/plugins/com.st.stm32cube.ide.mcu.externaltools.gnu-tools-for-stm32.12.3.rel1.linux64_1.0.200.202406132123/tools/bin/../lib/gcc/arm-none-eabi/12.3.1/../../../../arm-none-eabi/lib/thumb/v8-m.main+fp/hard/libc_nano.a(libc_a-memset.o)
 .ARM.attributes
                0x00000338       0x38 /home/thugmek/Software/stm32cubeide_1.16.1/plugins/com.st.stm32cube.ide.mcu.externaltools.gnu-tools-for-stm32.12.3.rel1.linux64_1.0.200.202406132123/tools/bin/../lib/gcc/arm-none-eabi/12.3.1/../../../../arm-none-eabi/lib/thumb/v8-m.main+fp/hard/libc_nano.a(libc_a-init.o)
 .ARM.attributes
                0x00000370       0x26 /home/thugmek/Software/stm32cubeide_1.16.1/plugins/com.st.stm32cube.ide.mcu.externaltools.gnu-tools-for-stm32.12.3.rel1.linux64_1.0.200.202406132123/tools/bin/../lib/gcc/arm-none-eabi/12.3.1/thumb/v8-m.main+fp/hard/crtn.o
OUTPUT(XBuddyExtensionDemo2.elf elf32-littlearm)
LOAD linker stubs
LOAD /home/thugmek/Software/stm32cubeide_1.16.1/plugins/com.st.stm32cube.ide.mcu.externaltools.gnu-tools-for-stm32.12.3.rel1.linux64_1.0.200.202406132123/tools/bin/../lib/gcc/arm-none-eabi/12.3.1/../../../../arm-none-eabi/lib/thumb/v8-m.main+fp/hard/libc.a
LOAD /home/thugmek/Software/stm32cubeide_1.16.1/plugins/com.st.stm32cube.ide.mcu.externaltools.gnu-tools-for-stm32.12.3.rel1.linux64_1.0.200.202406132123/tools/bin/../lib/gcc/arm-none-eabi/12.3.1/../../../../arm-none-eabi/lib/thumb/v8-m.main+fp/hard/libm.a
LOAD /home/thugmek/Software/stm32cubeide_1.16.1/plugins/com.st.stm32cube.ide.mcu.externaltools.gnu-tools-for-stm32.12.3.rel1.linux64_1.0.200.202406132123/tools/bin/../lib/gcc/arm-none-eabi/12.3.1/thumb/v8-m.main+fp/hard/libgcc.a

.debug_info     0x00000000     0xc13e
 .debug_info    0x00000000     0x18a3 ./Core/Src/main.o
 .debug_info    0x000018a3      0xeaf ./Core/Src/stm32h5xx_hal_msp.o
 .debug_info    0x00002752      0x128 ./Core/Src/stm32h5xx_it.o
 .debug_info    0x0000287a      0xc0b ./Core/Src/system_stm32h5xx.o
 .debug_info    0x00003485       0x30 ./Core/Startup/startup_stm32h503cbux.o
 .debug_info    0x000034b5     0x1069 ./Drivers/STM32H5xx_HAL_Driver/stm32h5xx_hal.o
 .debug_info    0x0000451e     0x1522 ./Drivers/STM32H5xx_HAL_Driver/stm32h5xx_hal_cortex.o
 .debug_info    0x00005a40      0x6aa ./Drivers/STM32H5xx_HAL_Driver/stm32h5xx_hal_gpio.o
 .debug_info    0x000060ea      0x377 ./Drivers/STM32H5xx_HAL_Driver/stm32h5xx_hal_icache.o
 .debug_info    0x00006461      0xfdf ./Drivers/STM32H5xx_HAL_Driver/stm32h5xx_hal_rcc.o
 .debug_info    0x00007440     0x2e54 ./Drivers/STM32H5xx_HAL_Driver/stm32h5xx_hal_tim.o
 .debug_info    0x0000a294     0x1eaa ./Drivers/STM32H5xx_HAL_Driver/stm32h5xx_hal_tim_ex.o

.debug_abbrev   0x00000000     0x1865
 .debug_abbrev  0x00000000      0x2f9 ./Core/Src/main.o
 .debug_abbrev  0x000002f9      0x20d ./Core/Src/stm32h5xx_hal_msp.o
 .debug_abbrev  0x00000506       0x73 ./Core/Src/stm32h5xx_it.o
 .debug_abbrev  0x00000579      0x13a ./Core/Src/system_stm32h5xx.o
 .debug_abbrev  0x000006b3       0x24 ./Core/Startup/startup_stm32h503cbux.o
 .debug_abbrev  0x000006d7      0x2ac ./Drivers/STM32H5xx_HAL_Driver/stm32h5xx_hal.o
 .debug_abbrev  0x00000983      0x311 ./Drivers/STM32H5xx_HAL_Driver/stm32h5xx_hal_cortex.o
 .debug_abbrev  0x00000c94      0x1db ./Drivers/STM32H5xx_HAL_Driver/stm32h5xx_hal_gpio.o
 .debug_abbrev  0x00000e6f      0x1e4 ./Drivers/STM32H5xx_HAL_Driver/stm32h5xx_hal_icache.o
 .debug_abbrev  0x00001053      0x28e ./Drivers/STM32H5xx_HAL_Driver/stm32h5xx_hal_rcc.o
 .debug_abbrev  0x000012e1      0x2bd ./Drivers/STM32H5xx_HAL_Driver/stm32h5xx_hal_tim.o
 .debug_abbrev  0x0000159e      0x2c7 ./Drivers/STM32H5xx_HAL_Driver/stm32h5xx_hal_tim_ex.o

.debug_aranges  0x00000000      0xbf8
 .debug_aranges
                0x00000000       0x58 ./Core/Src/main.o
 .debug_aranges
                0x00000058       0x38 ./Core/Src/stm32h5xx_hal_msp.o
 .debug_aranges
                0x00000090       0x60 ./Core/Src/stm32h5xx_it.o
 .debug_aranges
                0x000000f0       0x28 ./Core/Src/system_stm32h5xx.o
 .debug_aranges
                0x00000118       0x28 ./Core/Startup/startup_stm32h503cbux.o
 .debug_aranges
                0x00000140      0x1a0 ./Drivers/STM32H5xx_HAL_Driver/stm32h5xx_hal.o
 .debug_aranges
                0x000002e0      0x140 ./Drivers/STM32H5xx_HAL_Driver/stm32h5xx_hal_cortex.o
 .debug_aranges
                0x00000420       0x78 ./Drivers/STM32H5xx_HAL_Driver/stm32h5xx_hal_gpio.o
 .debug_aranges
                0x00000498       0x98 ./Drivers/STM32H5xx_HAL_Driver/stm32h5xx_hal_icache.o
 .debug_aranges
                0x00000530       0xa0 ./Drivers/STM32H5xx_HAL_Driver/stm32h5xx_hal_rcc.o
 .debug_aranges
                0x000005d0      0x3e8 ./Drivers/STM32H5xx_HAL_Driver/stm32h5xx_hal_tim.o
 .debug_aranges
                0x000009b8      0x240 ./Drivers/STM32H5xx_HAL_Driver/stm32h5xx_hal_tim_ex.o

.debug_rnglists
                0x00000000      0x936
 .debug_rnglists
                0x00000000       0x43 ./Core/Src/main.o
 .debug_rnglists
                0x00000043       0x26 ./Core/Src/stm32h5xx_hal_msp.o
 .debug_rnglists
                0x00000069       0x43 ./Core/Src/stm32h5xx_it.o
 .debug_rnglists
                0x000000ac       0x1b ./Core/Src/system_stm32h5xx.o
 .debug_rnglists
                0x000000c7       0x19 ./Core/Startup/startup_stm32h503cbux.o
 .debug_rnglists
                0x000000e0      0x134 ./Drivers/STM32H5xx_HAL_Driver/stm32h5xx_hal.o
 .debug_rnglists
                0x00000214       0xec ./Drivers/STM32H5xx_HAL_Driver/stm32h5xx_hal_cortex.o
 .debug_rnglists
                0x00000300       0x57 ./Drivers/STM32H5xx_HAL_Driver/stm32h5xx_hal_gpio.o
 .debug_rnglists
                0x00000357       0x6d ./Drivers/STM32H5xx_HAL_Driver/stm32h5xx_hal_icache.o
 .debug_rnglists
                0x000003c4       0x79 ./Drivers/STM32H5xx_HAL_Driver/stm32h5xx_hal_rcc.o
 .debug_rnglists
                0x0000043d      0x32e ./Drivers/STM32H5xx_HAL_Driver/stm32h5xx_hal_tim.o
 .debug_rnglists
                0x0000076b      0x1cb ./Drivers/STM32H5xx_HAL_Driver/stm32h5xx_hal_tim_ex.o

.debug_macro    0x00000000    0x1f299
 .debug_macro   0x00000000      0x26d ./Core/Src/main.o
 .debug_macro   0x0000026d      0xaba ./Core/Src/main.o
 .debug_macro   0x00000d27      0x1ca ./Core/Src/main.o
 .debug_macro   0x00000ef1       0x22 ./Core/Src/main.o
 .debug_macro   0x00000f13       0x5b ./Core/Src/main.o
 .debug_macro   0x00000f6e       0x2a ./Core/Src/main.o
 .debug_macro   0x00000f98       0x94 ./Core/Src/main.o
 .debug_macro   0x0000102c       0x43 ./Core/Src/main.o
 .debug_macro   0x0000106f       0x34 ./Core/Src/main.o
 .debug_macro   0x000010a3      0x189 ./Core/Src/main.o
 .debug_macro   0x0000122c       0x16 ./Core/Src/main.o
 .debug_macro   0x00001242       0x43 ./Core/Src/main.o
 .debug_macro   0x00001285       0x57 ./Core/Src/main.o
 .debug_macro   0x000012dc       0x34 ./Core/Src/main.o
 .debug_macro   0x00001310       0x10 ./Core/Src/main.o
 .debug_macro   0x00001320       0x58 ./Core/Src/main.o
 .debug_macro   0x00001378       0x8e ./Core/Src/main.o
 .debug_macro   0x00001406       0x1c ./Core/Src/main.o
 .debug_macro   0x00001422      0x177 ./Core/Src/main.o
 .debug_macro   0x00001599      0x369 ./Core/Src/main.o
 .debug_macro   0x00001902      0x19b ./Core/Src/main.o
 .debug_macro   0x00001a9d       0x28 ./Core/Src/main.o
 .debug_macro   0x00001ac5       0x42 ./Core/Src/main.o
 .debug_macro   0x00001b07      0x103 ./Core/Src/main.o
 .debug_macro   0x00001c0a       0x6a ./Core/Src/main.o
 .debug_macro   0x00001c74      0x1df ./Core/Src/main.o
 .debug_macro   0x00001e53       0x1c ./Core/Src/main.o
 .debug_macro   0x00001e6f       0x29 ./Core/Src/main.o
 .debug_macro   0x00001e98       0xfb ./Core/Src/main.o
 .debug_macro   0x00001f93     0x1685 ./Core/Src/main.o
 .debug_macro   0x00003618       0x5e ./Core/Src/main.o
 .debug_macro   0x00003676    0x11feb ./Core/Src/main.o
 .debug_macro   0x00015661       0x6d ./Core/Src/main.o
 .debug_macro   0x000156ce     0x3891 ./Core/Src/main.o
 .debug_macro   0x00018f5f       0x63 ./Core/Src/main.o
 .debug_macro   0x00018fc2     0x146a ./Core/Src/main.o
 .debug_macro   0x0001a42c      0x75e ./Core/Src/main.o
 .debug_macro   0x0001ab8a      0x166 ./Core/Src/main.o
 .debug_macro   0x0001acf0      0x1a7 ./Core/Src/main.o
 .debug_macro   0x0001ae97       0x6e ./Core/Src/main.o
 .debug_macro   0x0001af05      0x527 ./Core/Src/main.o
 .debug_macro   0x0001b42c      0x40f ./Core/Src/main.o
 .debug_macro   0x0001b83b       0xd6 ./Core/Src/main.o
 .debug_macro   0x0001b911      0x1ce ./Core/Src/main.o
 .debug_macro   0x0001badf      0x1c3 ./Core/Src/main.o
 .debug_macro   0x0001bca2      0x4e8 ./Core/Src/main.o
 .debug_macro   0x0001c18a       0x58 ./Core/Src/main.o
 .debug_macro   0x0001c1e2      0x272 ./Core/Src/main.o
 .debug_macro   0x0001c454      0x1a6 ./Core/Src/main.o
 .debug_macro   0x0001c5fa      0xbe8 ./Core/Src/main.o
 .debug_macro   0x0001d1e2      0x2bd ./Core/Src/main.o
 .debug_macro   0x0001d49f      0x20a ./Core/Src/main.o
 .debug_macro   0x0001d6a9      0x31f ./Core/Src/main.o
 .debug_macro   0x0001d9c8      0x26d ./Core/Src/stm32h5xx_hal_msp.o
 .debug_macro   0x0001dc35      0x277 ./Core/Src/stm32h5xx_it.o
 .debug_macro   0x0001deac      0x26a ./Core/Src/system_stm32h5xx.o
 .debug_macro   0x0001e116      0x293 ./Drivers/STM32H5xx_HAL_Driver/stm32h5xx_hal.o
 .debug_macro   0x0001e3a9      0x263 ./Drivers/STM32H5xx_HAL_Driver/stm32h5xx_hal_cortex.o
 .debug_macro   0x0001e60c      0x299 ./Drivers/STM32H5xx_HAL_Driver/stm32h5xx_hal_gpio.o
 .debug_macro   0x0001e8a5      0x27b ./Drivers/STM32H5xx_HAL_Driver/stm32h5xx_hal_icache.o
 .debug_macro   0x0001eb20      0x2a5 ./Drivers/STM32H5xx_HAL_Driver/stm32h5xx_hal_rcc.o
 .debug_macro   0x0001edc5      0x26b ./Drivers/STM32H5xx_HAL_Driver/stm32h5xx_hal_tim.o
 .debug_macro   0x0001f030      0x269 ./Drivers/STM32H5xx_HAL_Driver/stm32h5xx_hal_tim_ex.o

.debug_line     0x00000000     0xd143
 .debug_line    0x00000000      0xb6b ./Core/Src/main.o
 .debug_line    0x00000b6b      0x96b ./Core/Src/stm32h5xx_hal_msp.o
 .debug_line    0x000014d6      0x98a ./Core/Src/stm32h5xx_it.o
 .debug_line    0x00001e60      0xa39 ./Core/Src/system_stm32h5xx.o
 .debug_line    0x00002899       0x77 ./Core/Startup/startup_stm32h503cbux.o
 .debug_line    0x00002910      0xec0 ./Drivers/STM32H5xx_HAL_Driver/stm32h5xx_hal.o
 .debug_line    0x000037d0      0xf6f ./Drivers/STM32H5xx_HAL_Driver/stm32h5xx_hal_cortex.o
 .debug_line    0x0000473f      0xcfb ./Drivers/STM32H5xx_HAL_Driver/stm32h5xx_hal_gpio.o
 .debug_line    0x0000543a      0xb36 ./Drivers/STM32H5xx_HAL_Driver/stm32h5xx_hal_icache.o
 .debug_line    0x00005f70     0x135a ./Drivers/STM32H5xx_HAL_Driver/stm32h5xx_hal_rcc.o
 .debug_line    0x000072ca     0x3d9b ./Drivers/STM32H5xx_HAL_Driver/stm32h5xx_hal_tim.o
 .debug_line    0x0000b065     0x20de ./Drivers/STM32H5xx_HAL_Driver/stm32h5xx_hal_tim_ex.o

.debug_str      0x00000000    0xc8456
 .debug_str     0x00000000    0xc4cfa ./Core/Src/main.o
                              0xc50e3 (size before relaxing)
 .debug_str     0x000c4cfa       0x71 ./Core/Src/stm32h5xx_hal_msp.o
                              0xc4b14 (size before relaxing)
 .debug_str     0x000c4d6b       0xc9 ./Core/Src/stm32h5xx_it.o
                              0xc41b9 (size before relaxing)
 .debug_str     0x000c4e34      0x1bd ./Core/Src/system_stm32h5xx.o
                              0xc4626 (size before relaxing)
 .debug_str     0x000c4ff1       0x44 ./Core/Startup/startup_stm32h503cbux.o
                                 0x8b (size before relaxing)
 .debug_str     0x000c5035      0xd31 ./Drivers/STM32H5xx_HAL_Driver/stm32h5xx_hal.o
                              0xc51d0 (size before relaxing)
 .debug_str     0x000c5d66      0x439 ./Drivers/STM32H5xx_HAL_Driver/stm32h5xx_hal_cortex.o
                              0xc4f3a (size before relaxing)
 .debug_str     0x000c619f      0x2fb ./Drivers/STM32H5xx_HAL_Driver/stm32h5xx_hal_gpio.o
                              0xc453b (size before relaxing)
 .debug_str     0x000c649a      0x37a ./Drivers/STM32H5xx_HAL_Driver/stm32h5xx_hal_icache.o
                              0xc44ed (size before relaxing)
 .debug_str     0x000c6814      0x3c1 ./Drivers/STM32H5xx_HAL_Driver/stm32h5xx_hal_rcc.o
                              0xc4b9d (size before relaxing)
 .debug_str     0x000c6bd5      0xf31 ./Drivers/STM32H5xx_HAL_Driver/stm32h5xx_hal_tim.o
                              0xc5989 (size before relaxing)
 .debug_str     0x000c7b06      0x950 ./Drivers/STM32H5xx_HAL_Driver/stm32h5xx_hal_tim_ex.o
                              0xc55b3 (size before relaxing)

.comment        0x00000000       0x43
 .comment       0x00000000       0x43 ./Core/Src/main.o
                                 0x44 (size before relaxing)
 .comment       0x00000043       0x44 ./Core/Src/stm32h5xx_hal_msp.o
 .comment       0x00000043       0x44 ./Core/Src/stm32h5xx_it.o
 .comment       0x00000043       0x44 ./Core/Src/system_stm32h5xx.o
 .comment       0x00000043       0x44 ./Drivers/STM32H5xx_HAL_Driver/stm32h5xx_hal.o
 .comment       0x00000043       0x44 ./Drivers/STM32H5xx_HAL_Driver/stm32h5xx_hal_cortex.o
 .comment       0x00000043       0x44 ./Drivers/STM32H5xx_HAL_Driver/stm32h5xx_hal_gpio.o
 .comment       0x00000043       0x44 ./Drivers/STM32H5xx_HAL_Driver/stm32h5xx_hal_icache.o
 .comment       0x00000043       0x44 ./Drivers/STM32H5xx_HAL_Driver/stm32h5xx_hal_rcc.o
 .comment       0x00000043       0x44 ./Drivers/STM32H5xx_HAL_Driver/stm32h5xx_hal_tim.o
 .comment       0x00000043       0x44 ./Drivers/STM32H5xx_HAL_Driver/stm32h5xx_hal_tim_ex.o

.debug_frame    0x00000000     0x3288
 .debug_frame   0x00000000      0x11c ./Core/Src/main.o
 .debug_frame   0x0000011c       0xa4 ./Core/Src/stm32h5xx_hal_msp.o
 .debug_frame   0x000001c0      0x104 ./Core/Src/stm32h5xx_it.o
 .debug_frame   0x000002c4       0x60 ./Core/Src/system_stm32h5xx.o
 .debug_frame   0x00000324      0x66c ./Drivers/STM32H5xx_HAL_Driver/stm32h5xx_hal.o
 .debug_frame   0x00000990      0x560 ./Drivers/STM32H5xx_HAL_Driver/stm32h5xx_hal_cortex.o
 .debug_frame   0x00000ef0      0x1ec ./Drivers/STM32H5xx_HAL_Driver/stm32h5xx_hal_gpio.o
 .debug_frame   0x000010dc      0x248 ./Drivers/STM32H5xx_HAL_Driver/stm32h5xx_hal_icache.o
 .debug_frame   0x00001324      0x264 ./Drivers/STM32H5xx_HAL_Driver/stm32h5xx_hal_rcc.o
 .debug_frame   0x00001588     0x124c ./Drivers/STM32H5xx_HAL_Driver/stm32h5xx_hal_tim.o
 .debug_frame   0x000027d4      0xa68 ./Drivers/STM32H5xx_HAL_Driver/stm32h5xx_hal_tim_ex.o
 .debug_frame   0x0000323c       0x20 /home/thugmek/Software/stm32cubeide_1.16.1/plugins/com.st.stm32cube.ide.mcu.externaltools.gnu-tools-for-stm32.12.3.rel1.linux64_1.0.200.202406132123/tools/bin/../lib/gcc/arm-none-eabi/12.3.1/../../../../arm-none-eabi/lib/thumb/v8-m.main+fp/hard/libc_nano.a(libc_a-memset.o)
 .debug_frame   0x0000325c       0x2c /home/thugmek/Software/stm32cubeide_1.16.1/plugins/com.st.stm32cube.ide.mcu.externaltools.gnu-tools-for-stm32.12.3.rel1.linux64_1.0.200.202406132123/tools/bin/../lib/gcc/arm-none-eabi/12.3.1/../../../../arm-none-eabi/lib/thumb/v8-m.main+fp/hard/libc_nano.a(libc_a-init.o)

.debug_line_str
                0x00000000       0x6f
 .debug_line_str
                0x00000000       0x6f ./Core/Startup/startup_stm32h503cbux.o
