../Core/Src/main.c:74:5:main	112	static
../Core/Src/main.c:169:6:SystemClock_Config	120	static
../Core/Src/main.c:219:13:MX_ADC1_Init	40	static
../Core/Src/main.c:278:13:MX_ICACHE_Init	8	static
../Core/Src/main.c:306:13:MX_TIM1_Init	40	static
../Core/Src/main.c:353:13:MX_TIM2_Init	64	static
../Core/Src/main.c:424:13:MX_TIM3_Init	64	static
../Core/Src/main.c:491:13:MX_GPIO_Init	40	static
../Core/Src/main.c:533:6:set_wbgr_strip_color	16	static
../Core/Src/main.c:540:6:HAL_ADC_ConvCpltCallback	48	static
../Core/Src/main.c:565:6:Error_Handler	4	static,ignoring_inline_asm
